Archive member included to satisfy reference by file (symbol)

/home/gra2p/Documents/uva_courses/rp1/tools/riscv64-unknown-elf-toolchain-10.2.0-2020.12.8-x86_64-linux-ubuntu14/bin/../lib/gcc/riscv64-unknown-elf/10.2.0/../../../../riscv64-unknown-elf/lib/rv32imac/ilp32/libc_nano.a(lib_a-printf.o)
                              main.o (printf)
/home/gra2p/Documents/uva_courses/rp1/tools/riscv64-unknown-elf-toolchain-10.2.0-2020.12.8-x86_64-linux-ubuntu14/bin/../lib/gcc/riscv64-unknown-elf/10.2.0/../../../../riscv64-unknown-elf/lib/rv32imac/ilp32/libc_nano.a(lib_a-findfp.o)
                              /home/gra2p/Documents/uva_courses/rp1/tools/riscv64-unknown-elf-toolchain-10.2.0-2020.12.8-x86_64-linux-ubuntu14/bin/../lib/gcc/riscv64-unknown-elf/10.2.0/../../../../riscv64-unknown-elf/lib/rv32imac/ilp32/libc_nano.a(lib_a-printf.o) (__sinit)
/home/gra2p/Documents/uva_courses/rp1/tools/riscv64-unknown-elf-toolchain-10.2.0-2020.12.8-x86_64-linux-ubuntu14/bin/../lib/gcc/riscv64-unknown-elf/10.2.0/../../../../riscv64-unknown-elf/lib/rv32imac/ilp32/libc_nano.a(lib_a-fwalk.o)
                              /home/gra2p/Documents/uva_courses/rp1/tools/riscv64-unknown-elf-toolchain-10.2.0-2020.12.8-x86_64-linux-ubuntu14/bin/../lib/gcc/riscv64-unknown-elf/10.2.0/../../../../riscv64-unknown-elf/lib/rv32imac/ilp32/libc_nano.a(lib_a-findfp.o) (_fwalk)
/home/gra2p/Documents/uva_courses/rp1/tools/riscv64-unknown-elf-toolchain-10.2.0-2020.12.8-x86_64-linux-ubuntu14/bin/../lib/gcc/riscv64-unknown-elf/10.2.0/../../../../riscv64-unknown-elf/lib/rv32imac/ilp32/libc_nano.a(lib_a-impure.o)
                              /home/gra2p/Documents/uva_courses/rp1/tools/riscv64-unknown-elf-toolchain-10.2.0-2020.12.8-x86_64-linux-ubuntu14/bin/../lib/gcc/riscv64-unknown-elf/10.2.0/../../../../riscv64-unknown-elf/lib/rv32imac/ilp32/libc_nano.a(lib_a-findfp.o) (_global_impure_ptr)
/home/gra2p/Documents/uva_courses/rp1/tools/riscv64-unknown-elf-toolchain-10.2.0-2020.12.8-x86_64-linux-ubuntu14/bin/../lib/gcc/riscv64-unknown-elf/10.2.0/../../../../riscv64-unknown-elf/lib/rv32imac/ilp32/libc_nano.a(lib_a-memset.o)
                              /home/gra2p/Documents/uva_courses/rp1/tools/riscv64-unknown-elf-toolchain-10.2.0-2020.12.8-x86_64-linux-ubuntu14/bin/../lib/gcc/riscv64-unknown-elf/10.2.0/../../../../riscv64-unknown-elf/lib/rv32imac/ilp32/libc_nano.a(lib_a-findfp.o) (memset)
/home/gra2p/Documents/uva_courses/rp1/tools/riscv64-unknown-elf-toolchain-10.2.0-2020.12.8-x86_64-linux-ubuntu14/bin/../lib/gcc/riscv64-unknown-elf/10.2.0/../../../../riscv64-unknown-elf/lib/rv32imac/ilp32/libc_nano.a(lib_a-nano-mallocr.o)
                              /home/gra2p/Documents/uva_courses/rp1/tools/riscv64-unknown-elf-toolchain-10.2.0-2020.12.8-x86_64-linux-ubuntu14/bin/../lib/gcc/riscv64-unknown-elf/10.2.0/../../../../riscv64-unknown-elf/lib/rv32imac/ilp32/libc_nano.a(lib_a-findfp.o) (_malloc_r)
/home/gra2p/Documents/uva_courses/rp1/tools/riscv64-unknown-elf-toolchain-10.2.0-2020.12.8-x86_64-linux-ubuntu14/bin/../lib/gcc/riscv64-unknown-elf/10.2.0/../../../../riscv64-unknown-elf/lib/rv32imac/ilp32/libc_nano.a(lib_a-nano-vfprintf.o)
                              /home/gra2p/Documents/uva_courses/rp1/tools/riscv64-unknown-elf-toolchain-10.2.0-2020.12.8-x86_64-linux-ubuntu14/bin/../lib/gcc/riscv64-unknown-elf/10.2.0/../../../../riscv64-unknown-elf/lib/rv32imac/ilp32/libc_nano.a(lib_a-printf.o) (_vfprintf_r)
/home/gra2p/Documents/uva_courses/rp1/tools/riscv64-unknown-elf-toolchain-10.2.0-2020.12.8-x86_64-linux-ubuntu14/bin/../lib/gcc/riscv64-unknown-elf/10.2.0/../../../../riscv64-unknown-elf/lib/rv32imac/ilp32/libc_nano.a(lib_a-sbrkr.o)
                              /home/gra2p/Documents/uva_courses/rp1/tools/riscv64-unknown-elf-toolchain-10.2.0-2020.12.8-x86_64-linux-ubuntu14/bin/../lib/gcc/riscv64-unknown-elf/10.2.0/../../../../riscv64-unknown-elf/lib/rv32imac/ilp32/libc_nano.a(lib_a-nano-mallocr.o) (_sbrk_r)
/home/gra2p/Documents/uva_courses/rp1/tools/riscv64-unknown-elf-toolchain-10.2.0-2020.12.8-x86_64-linux-ubuntu14/bin/../lib/gcc/riscv64-unknown-elf/10.2.0/../../../../riscv64-unknown-elf/lib/rv32imac/ilp32/libc_nano.a(lib_a-stdio.o)
                              /home/gra2p/Documents/uva_courses/rp1/tools/riscv64-unknown-elf-toolchain-10.2.0-2020.12.8-x86_64-linux-ubuntu14/bin/../lib/gcc/riscv64-unknown-elf/10.2.0/../../../../riscv64-unknown-elf/lib/rv32imac/ilp32/libc_nano.a(lib_a-findfp.o) (__sread)
/home/gra2p/Documents/uva_courses/rp1/tools/riscv64-unknown-elf-toolchain-10.2.0-2020.12.8-x86_64-linux-ubuntu14/bin/../lib/gcc/riscv64-unknown-elf/10.2.0/../../../../riscv64-unknown-elf/lib/rv32imac/ilp32/libc_nano.a(lib_a-wbuf.o)
                              /home/gra2p/Documents/uva_courses/rp1/tools/riscv64-unknown-elf-toolchain-10.2.0-2020.12.8-x86_64-linux-ubuntu14/bin/../lib/gcc/riscv64-unknown-elf/10.2.0/../../../../riscv64-unknown-elf/lib/rv32imac/ilp32/libc_nano.a(lib_a-nano-vfprintf.o) (__swbuf_r)
[...]
Memory Configuration

Name             Origin             Length             Attributes
itim             0x0000000008000000 0x0000000000002000 axrwl
ram              0x0000000080000000 0x0000000000004000 arw !xl
rom              0x0000000020010000 0x000000000006a120 xrl !aw
*default*        0x0000000000000000 0xffffffffffffffff

Linker script and memory map

LOAD main.o
START GROUP
LOAD /home/gra2p/Documents/uva_courses/rp1/tools/riscv64-unknown-elf-toolchain-10.2.0-2020.12.8-x86_64-linux-ubuntu14/bin/../lib/gcc/riscv64-unknown-elf/10.2.0/../../../../riscv64-unknown-elf/lib/rv32imac/ilp32/libc_nano.a
LOAD /home/gra2p/Documents/uva_courses/rp1/tools/riscv64-unknown-elf-toolchain-10.2.0-2020.12.8-x86_64-linux-ubuntu14/bin/../lib/gcc/riscv64-unknown-elf/10.2.0/rv32imac/ilp32/libgcc.a
LOAD /home/gra2p/Documents/uva_courses/rp1/tools/riscv64-unknown-elf-toolchain-10.2.0-2020.12.8-x86_64-linux-ubuntu14/bin/../lib/gcc/riscv64-unknown-elf/10.2.0/../../../../riscv64-unknown-elf/lib/rv32imac/ilp32/libm_nano.a
LOAD /home/gra2p/Documents/uva_courses/rp1/src/bsp/sifive-hifive1-revb/install/lib/debug//libmetal.a
LOAD /home/gra2p/Documents/uva_courses/rp1/src/bsp/sifive-hifive1-revb/install/lib/debug//libmetal-gloss.a
END GROUP
                0x0000000000000400                __stack_size = DEFINED (__stack_size)?__stack_size:0x400
                [!provide]                        PROVIDE (__stack_size = __stack_size)
                0x0000000000000800                __heap_size = DEFINED (__heap_size)?__heap_size:0x800
                0x0000000000000000                PROVIDE (__metal_boot_hart = 0x0)
                0x0000000000000001                PROVIDE (__metal_chicken_bit = 0x1)
                0x0000000000000000                PROVIDE (__metal_eccscrub_bit = 0x0)
                [!provide]                        PROVIDE (metal_dtim_0_memory_start = 0x80000000)
                [!provide]                        PROVIDE (metal_dtim_0_memory_end = 0x80004000)
                [!provide]                        PROVIDE (metal_itim_0_memory_start = 0x8000000)
                [!provide]                        PROVIDE (metal_itim_0_memory_end = 0x8002000)

.init           0x0000000020010000      0x2c4
 *(.text.metal.init.enter)
 .text.metal.init.enter
                0x0000000020010000       0x88 /home/gra2p/Documents/uva_courses/rp1/src/bsp/sifive-hifive1-revb/install/lib/debug//libmetal.a(entry.o)
                0x0000000020010000                _enter
 *(.text.metal.init.*)
 .text.metal.init.__register_frame_info
                0x0000000020010088        0x2 /home/gra2p/Documents/uva_courses/rp1/src/bsp/sifive-hifive1-revb/install/lib/debug//libmetal.a(entry.o)
                0x0000000020010088                __register_frame_info
 .text.metal.init.scrub
                0x000000002001008a       0xa8 /home/gra2p/Documents/uva_courses/rp1/src/bsp/sifive-hifive1-revb/install/lib/debug//libmetal.a(scrub.o)
                0x000000002001008a                metal_mem_scrub
                0x00000000200100cc                __metal_before_start
 *fill*         0x0000000020010132        0x2 
 .text.metal.init.trapvec
                0x0000000020010134        0xe /home/gra2p/Documents/uva_courses/rp1/src/bsp/sifive-hifive1-revb/install/lib/debug//libmetal.a(trap.o)
                0x0000000020010134                early_trap_vector
 *(SORT_NONE(.init))
 .init          0x0000000020010142        0xe /home/gra2p/Documents/uva_courses/rp1/src/bsp/sifive-hifive1-revb/install/lib/debug//libmetal.a(synchronize_harts.o)
                0x0000000020010142                __metal_synchronize_harts
 *(.text.libgloss.start)
 .text.libgloss.start
                0x0000000020010150      0x174 /home/gra2p/Documents/uva_courses/rp1/src/bsp/sifive-hifive1-revb/install/lib/debug//libmetal-gloss.a(crt0.o)
                0x0000000020010150                _start
                0x00000000200102a2                _init
                0x00000000200102a2                _fini
                0x00000000200102a4                secondary_main

.fini
 *(SORT_NONE(.fini))

.preinit_array  0x00000000200102c8        0x0
                0x00000000200102c8                PROVIDE (__preinit_array_start = .)
 *(.preinit_array)
                0x00000000200102c8                PROVIDE (__preinit_array_end = .)

.init_array     0x00000000200102c8        0xc
                0x00000000200102c8                PROVIDE (__init_array_start = .)
 *(SORT_BY_INIT_PRIORITY(.init_array.*) SORT_BY_INIT_PRIORITY(.ctors.*))
 *(.init_array EXCLUDE_FILE(*crtend?.o *crtend.o *crtbegin?.o *crtbegin.o) .ctors)
                0x00000000200102c8                PROVIDE (__init_array_end = .)
                0x00000000200102c8                PROVIDE (metal_constructors_start = .)
 *(SORT_BY_INIT_PRIORITY(.metal.init_array.*))
 .metal.init_array.5000
                0x00000000200102c8        0x4 /home/gra2p/Documents/uva_courses/rp1/src/bsp/sifive-hifive1-revb/install/lib/debug//libmetal.a(tty.o)
                0x00000000200102c8                _metal_tty_init_ptr
 .metal.init_array.5000
                0x00000000200102cc        0x8 /home/gra2p/Documents/uva_courses/rp1/src/bsp/sifive-hifive1-revb/install/lib/debug//libmetal.a(sifive_fe310-g000_pll.o)
                0x00000000200102cc                _metal_sifive_fe310_g000_pll_init_ptr
                0x00000000200102d0                _use_hfxosc_ptr
 *(.metal.init_array)
                0x00000000200102d4                PROVIDE (metal_constructors_end = .)

.fini_array     0x00000000200102d8        0x0
                0x00000000200102d8                PROVIDE (__fini_array_start = .)
 *(SORT_BY_INIT_PRIORITY(.fini_array.*) SORT_BY_INIT_PRIORITY(.dtors.*))
 *(.fini_array EXCLUDE_FILE(*crtend?.o *crtend.o *crtbegin?.o *crtbegin.o) .dtors)
                0x00000000200102d8                PROVIDE (__fini_array_end = .)
                0x00000000200102d8                PROVIDE (metal_destructors_start = .)
 *(SORT_BY_INIT_PRIORITY(.metal.fini_array.*))
 *(.metal.fini_array)
                0x00000000200102d8                PROVIDE (metal_destructors_end = .)

.ctors          0x00000000200102d4       0x7a
 *crtbegin.o(.ctors)
 *crtbegin?.o(.ctors)
 *(EXCLUDE_FILE(*crtend?.o *crtend.o) .ctors)
 *(SORT_BY_NAME(.ctors.*))
 *(.ctors)
 *(.metal.ctors .metal.ctors.*)
 .metal.ctors   0x00000000200102d4       0x24 /home/gra2p/Documents/uva_courses/rp1/src/bsp/sifive-hifive1-revb/install/lib/debug//libmetal.a(tty.o)
                0x00000000200102d4                metal_tty_init
 .metal.ctors   0x00000000200102f8       0x56 /home/gra2p/Documents/uva_courses/rp1/src/bsp/sifive-hifive1-revb/install/lib/debug//libmetal.a(sifive_fe310-g000_pll.o)
                0x00000000200102f8                metal_sifive_fe310_g000_pll_init
                0x0000000020010324                use_hfxosc

.dtors
 *crtbegin.o(.dtors)
 *crtbegin?.o(.dtors)
 *(EXCLUDE_FILE(*crtend?.o *crtend.o) .dtors)
 *(SORT_BY_NAME(.dtors.*))
 *(.dtors)
 *(.metal.dtors .metal.dtors.*)

.rodata         0x0000000020010350      0xc74
 *(.rdata)
 *(.rodata .rodata.*)
 .rodata        0x0000000020010350        0xc main.o
 .rodata.__sf_fake_stderr
                0x000000002001035c       0x20 /home/gra2p/Documents/uva_courses/rp1/tools/riscv64-unknown-elf-toolchain-10.2.0-2020.12.8-x86_64-linux-ubuntu14/bin/../lib/gcc/riscv64-unknown-elf/10.2.0/../../../../riscv64-unknown-elf/lib/rv32imac/ilp32/libc_nano.a(lib_a-findfp.o)
                0x000000002001035c                __sf_fake_stderr
 .rodata.__sf_fake_stdin
                0x000000002001037c       0x20 /home/gra2p/Documents/uva_courses/rp1/tools/riscv64-unknown-elf-toolchain-10.2.0-2020.12.8-x86_64-linux-ubuntu14/bin/../lib/gcc/riscv64-unknown-elf/10.2.0/../../../../riscv64-unknown-elf/lib/rv32imac/ilp32/libc_nano.a(lib_a-findfp.o)
                0x000000002001037c                __sf_fake_stdin
 .rodata.__sf_fake_stdout
                0x000000002001039c       0x20 /home/gra2p/Documents/uva_courses/rp1/tools/riscv64-unknown-elf-toolchain-10.2.0-2020.12.8-x86_64-linux-ubuntu14/bin/../lib/gcc/riscv64-unknown-elf/10.2.0/../../../../riscv64-unknown-elf/lib/rv32imac/ilp32/libc_nano.a(lib_a-findfp.o)
                0x000000002001039c                __sf_fake_stdout
 .rodata._vfprintf_r.str1.4
                0x00000000200103bc       0x13 /home/gra2p/Documents/uva_courses/rp1/tools/riscv64-unknown-elf-toolchain-10.2.0-2020.12.8-x86_64-linux-ubuntu14/bin/../lib/gcc/riscv64-unknown-elf/10.2.0/../../../../riscv64-unknown-elf/lib/rv32imac/ilp32/libc_nano.a(lib_a-nano-vfprintf.o)
 *fill*         0x00000000200103cf        0x1 
 .rodata._printf_i.str1.4
                0x00000000200103d0       0x25 /home/gra2p/Documents/uva_courses/rp1/tools/riscv64-unknown-elf-toolchain-10.2.0-2020.12.8-x86_64-linux-ubuntu14/bin/../lib/gcc/riscv64-unknown-elf/10.2.0/../../../../riscv64-unknown-elf/lib/rv32imac/ilp32/libc_nano.a(lib_a-nano-vfprintf_i.o)
 *fill*         0x00000000200103f5        0x3 
 .rodata._printf_i
                0x00000000200103f8       0x58 /home/gra2p/Documents/uva_courses/rp1/tools/riscv64-unknown-elf-toolchain-10.2.0-2020.12.8-x86_64-linux-ubuntu14/bin/../lib/gcc/riscv64-unknown-elf/10.2.0/../../../../riscv64-unknown-elf/lib/rv32imac/ilp32/libc_nano.a(lib_a-nano-vfprintf_i.o)
 .rodata.libgloss.start
                0x0000000020010450       0x11 /home/gra2p/Documents/uva_courses/rp1/src/bsp/sifive-hifive1-revb/install/lib/debug//libmetal-gloss.a(crt0.o)
 *fill*         0x0000000020010461        0x3 
 .rodata.__metal_driver_vtable_riscv_clint0
                0x0000000020010464       0x64 /home/gra2p/Documents/uva_courses/rp1/src/bsp/sifive-hifive1-revb/install/lib/debug//libmetal.a(riscv_clint0.o)
                0x0000000020010464                __metal_driver_vtable_riscv_clint0
 .rodata.__metal_local_interrupt_enable
                0x00000000200104c8       0x80 /home/gra2p/Documents/uva_courses/rp1/src/bsp/sifive-hifive1-revb/install/lib/debug//libmetal.a(riscv_cpu.o)
 .rodata.__metal_driver_vtable_riscv_cpu_intc
                0x0000000020010548       0x64 /home/gra2p/Documents/uva_courses/rp1/src/bsp/sifive-hifive1-revb/install/lib/debug//libmetal.a(riscv_cpu.o)
                0x0000000020010548                __metal_driver_vtable_riscv_cpu_intc
 .rodata.__metal_driver_vtable_cpu
                0x00000000200105ac       0x44 /home/gra2p/Documents/uva_courses/rp1/src/bsp/sifive-hifive1-revb/install/lib/debug//libmetal.a(riscv_cpu.o)
                0x00000000200105ac                __metal_driver_vtable_cpu
 .rodata.__metal_driver_vtable_riscv_plic0
                0x00000000200105f0       0x64 /home/gra2p/Documents/uva_courses/rp1/src/bsp/sifive-hifive1-revb/install/lib/debug//libmetal.a(riscv_plic0.o)
                0x00000000200105f0                __metal_driver_vtable_riscv_plic0
 .rodata.pll_configs
                0x0000000020010654      0x880 /home/gra2p/Documents/uva_courses/rp1/src/bsp/sifive-hifive1-revb/install/lib/debug//libmetal.a(sifive_fe310-g000_pll.o)
 .rodata.__metal_driver_vtable_sifive_fe310_g000_pll
                0x0000000020010ed4        0xc /home/gra2p/Documents/uva_courses/rp1/src/bsp/sifive-hifive1-revb/install/lib/debug//libmetal.a(sifive_fe310-g000_pll.o)
                0x0000000020010ed4                __metal_driver_vtable_sifive_fe310_g000_pll
 .rodata.__metal_driver_sifive_gpio0_config_int
                0x0000000020010ee0       0x20 /home/gra2p/Documents/uva_courses/rp1/src/bsp/sifive-hifive1-revb/install/lib/debug//libmetal.a(sifive_gpio0.o)
 .rodata.__metal_driver_sifive_gpio0_clear_int
                0x0000000020010f00       0x20 /home/gra2p/Documents/uva_courses/rp1/src/bsp/sifive-hifive1-revb/install/lib/debug//libmetal.a(sifive_gpio0.o)
 .rodata.__metal_driver_vtable_sifive_gpio0
                0x0000000020010f20       0x3c /home/gra2p/Documents/uva_courses/rp1/src/bsp/sifive-hifive1-revb/install/lib/debug//libmetal.a(sifive_gpio0.o)
                0x0000000020010f20                __metal_driver_vtable_sifive_gpio0
 .rodata.__metal_driver_vtable_sifive_uart0
                0x0000000020010f5c       0x40 /home/gra2p/Documents/uva_courses/rp1/src/bsp/sifive-hifive1-revb/install/lib/debug//libmetal.a(sifive_uart0.o)
                0x0000000020010f5c                __metal_driver_vtable_sifive_uart0
 *(.gnu.linkonce.r.*)
                0x0000000020010fa0                . = ALIGN (0x8)
 *fill*         0x0000000020010f9c        0x4 
 *(.srodata.cst16)
 *(.srodata.cst8)
 *(.srodata.cst4)
 *(.srodata.cst2)
 *(.srodata .srodata.*)
 .srodata._global_impure_ptr
                0x0000000020010fa0        0x4 /home/gra2p/Documents/uva_courses/rp1/tools/riscv64-unknown-elf-toolchain-10.2.0-2020.12.8-x86_64-linux-ubuntu14/bin/../lib/gcc/riscv64-unknown-elf/10.2.0/../../../../riscv64-unknown-elf/lib/rv32imac/ilp32/libc_nano.a(lib_a-impure.o)
                0x0000000020010fa0                _global_impure_ptr
 .srodata.__metal_driver_vtable_sifive_fe310_g000_hfrosc
                0x0000000020010fa4        0x8 /home/gra2p/Documents/uva_courses/rp1/src/bsp/sifive-hifive1-revb/install/lib/debug//libmetal.a(sifive_fe310-g000_hfrosc.o)
                0x0000000020010fa4                __metal_driver_vtable_sifive_fe310_g000_hfrosc
 .srodata.__metal_driver_vtable_sifive_fe310_g000_hfxosc
                0x0000000020010fac        0x8 /home/gra2p/Documents/uva_courses/rp1/src/bsp/sifive-hifive1-revb/install/lib/debug//libmetal.a(sifive_fe310-g000_hfxosc.o)
                0x0000000020010fac                __metal_driver_vtable_sifive_fe310_g000_hfxosc
 .srodata.__metal_driver_vtable_sifive_fe310_g000_prci
                0x0000000020010fb4        0x8 /home/gra2p/Documents/uva_courses/rp1/src/bsp/sifive-hifive1-revb/install/lib/debug//libmetal.a(sifive_fe310-g000_prci.o)
                0x0000000020010fb4                __metal_driver_vtable_sifive_fe310_g000_prci
 .srodata.__metal_driver_vtable_fixed_clock
                0x0000000020010fbc        0x8 /home/gra2p/Documents/uva_courses/rp1/src/bsp/sifive-hifive1-revb/install/lib/debug//libmetal.a(fixed-clock.o)
                0x0000000020010fbc                __metal_driver_vtable_fixed_clock

.itim           0x0000000008000000        0x0 load address 0x0000000020010fc8
 *(.itim .itim.*)
                0x0000000020010fc8                PROVIDE (metal_segment_itim_source_start = LOADADDR (.itim))
                0x0000000008000000                PROVIDE (metal_segment_itim_target_start = ADDR (.itim))
                0x0000000008000000                PROVIDE (metal_segment_itim_target_end = (ADDR (.itim) + SIZEOF (.itim)))

.lim            0x0000000080000000        0x0 load address 0x0000000020010fc8
 *(.lim .lim.*)
                0x0000000020010fc8                PROVIDE (metal_segment_lim_source_start = LOADADDR (.lim))
                0x0000000080000000                PROVIDE (metal_segment_lim_target_start = ADDR (.lim))
                0x0000000080000000                PROVIDE (metal_segment_lim_target_end = (ADDR (.lim) + SIZEOF (.lim)))

.text           0x0000000020011000     0x5fc4
 *(.text.unlikely .text.unlikely.*)
 *(.text.startup .text.startup.*)
 *(.text .text.*)
 .text.main     0x0000000020011000       0x1e main.o
                0x0000000020011000                main
 .text.printf   0x000000002001101e       0x3c /home/gra2p/Documents/uva_courses/rp1/tools/riscv64-unknown-elf-toolchain-10.2.0-2020.12.8-x86_64-linux-ubuntu14/bin/../lib/gcc/riscv64-unknown-elf/10.2.0/../../../../riscv64-unknown-elf/lib/rv32imac/ilp32/libc_nano.a(lib_a-printf.o)
                0x000000002001101e                printf
                0x000000002001101e                iprintf
 .text.std      0x000000002001105a       0x68 /home/gra2p/Documents/uva_courses/rp1/tools/riscv64-unknown-elf-toolchain-10.2.0-2020.12.8-x86_64-linux-ubuntu14/bin/../lib/gcc/riscv64-unknown-elf/10.2.0/../../../../riscv64-unknown-elf/lib/rv32imac/ilp32/libc_nano.a(lib_a-findfp.o)
 .text._cleanup_r
                0x00000000200110c2        0xa /home/gra2p/Documents/uva_courses/rp1/tools/riscv64-unknown-elf-toolchain-10.2.0-2020.12.8-x86_64-linux-ubuntu14/bin/../lib/gcc/riscv64-unknown-elf/10.2.0/../../../../riscv64-unknown-elf/lib/rv32imac/ilp32/libc_nano.a(lib_a-findfp.o)
                0x00000000200110c2                _cleanup_r
 .text.__sfmoreglue
                0x00000000200110cc       0x44 /home/gra2p/Documents/uva_courses/rp1/tools/riscv64-unknown-elf-toolchain-10.2.0-2020.12.8-x86_64-linux-ubuntu14/bin/../lib/gcc/riscv64-unknown-elf/10.2.0/../../../../riscv64-unknown-elf/lib/rv32imac/ilp32/libc_nano.a(lib_a-findfp.o)
                0x00000000200110cc                __sfmoreglue
 .text.__sinit  0x0000000020011110       0x6a /home/gra2p/Documents/uva_courses/rp1/tools/riscv64-unknown-elf-toolchain-10.2.0-2020.12.8-x86_64-linux-ubuntu14/bin/../lib/gcc/riscv64-unknown-elf/10.2.0/../../../../riscv64-unknown-elf/lib/rv32imac/ilp32/libc_nano.a(lib_a-findfp.o)
                0x0000000020011110                __sinit
 .text.__sfp    0x000000002001117a       0x9c /home/gra2p/Documents/uva_courses/rp1/tools/riscv64-unknown-elf-toolchain-10.2.0-2020.12.8-x86_64-linux-ubuntu14/bin/../lib/gcc/riscv64-unknown-elf/10.2.0/../../../../riscv64-unknown-elf/lib/rv32imac/ilp32/libc_nano.a(lib_a-findfp.o)
                0x000000002001117a                __sfp
 .text._fwalk_reent
                0x0000000020011216       0x6a /home/gra2p/Documents/uva_courses/rp1/tools/riscv64-unknown-elf-toolchain-10.2.0-2020.12.8-x86_64-linux-ubuntu14/bin/../lib/gcc/riscv64-unknown-elf/10.2.0/../../../../riscv64-unknown-elf/lib/rv32imac/ilp32/libc_nano.a(lib_a-fwalk.o)
                0x0000000020011216                _fwalk_reent
 .text          0x0000000020011280       0xa8 /home/gra2p/Documents/uva_courses/rp1/tools/riscv64-unknown-elf-toolchain-10.2.0-2020.12.8-x86_64-linux-ubuntu14/bin/../lib/gcc/riscv64-unknown-elf/10.2.0/../../../../riscv64-unknown-elf/lib/rv32imac/ilp32/libc_nano.a(lib_a-memset.o)
                0x0000000020011280                memset
 .text._malloc_r
                0x0000000020011328       0xde /home/gra2p/Documents/uva_courses/rp1/tools/riscv64-unknown-elf-toolchain-10.2.0-2020.12.8-x86_64-linux-ubuntu14/bin/../lib/gcc/riscv64-unknown-elf/10.2.0/../../../../riscv64-unknown-elf/lib/rv32imac/ilp32/libc_nano.a(lib_a-nano-mallocr.o)
                0x0000000020011328                _malloc_r
 .text.__sfputc_r
                0x0000000020011406       0x28 /home/gra2p/Documents/uva_courses/rp1/tools/riscv64-unknown-elf-toolchain-10.2.0-2020.12.8-x86_64-linux-ubuntu14/bin/../lib/gcc/riscv64-unknown-elf/10.2.0/../../../../riscv64-unknown-elf/lib/rv32imac/ilp32/libc_nano.a(lib_a-nano-vfprintf.o)
 .text.__sfputs_r
                0x000000002001142e       0x42 /home/gra2p/Documents/uva_courses/rp1/tools/riscv64-unknown-elf-toolchain-10.2.0-2020.12.8-x86_64-linux-ubuntu14/bin/../lib/gcc/riscv64-unknown-elf/10.2.0/../../../../riscv64-unknown-elf/lib/rv32imac/ilp32/libc_nano.a(lib_a-nano-vfprintf.o)
                0x000000002001142e                __sfputs_r
 .text._vfprintf_r
                0x0000000020011470      0x296 /home/gra2p/Documents/uva_courses/rp1/tools/riscv64-unknown-elf-toolchain-10.2.0-2020.12.8-x86_64-linux-ubuntu14/bin/../lib/gcc/riscv64-unknown-elf/10.2.0/../../../../riscv64-unknown-elf/lib/rv32imac/ilp32/libc_nano.a(lib_a-nano-vfprintf.o)
                0x0000000020011470                _vfiprintf_r
                0x0000000020011470                _vfprintf_r
 .text._sbrk_r  0x0000000020011706       0x30 /home/gra2p/Documents/uva_courses/rp1/tools/riscv64-unknown-elf-toolchain-10.2.0-2020.12.8-x86_64-linux-ubuntu14/bin/../lib/gcc/riscv64-unknown-elf/10.2.0/../../../../riscv64-unknown-elf/lib/rv32imac/ilp32/libc_nano.a(lib_a-sbrkr.o)
                0x0000000020011706                _sbrk_r
 .text.__sread  0x0000000020011736       0x32 /home/gra2p/Documents/uva_courses/rp1/tools/riscv64-unknown-elf-toolchain-10.2.0-2020.12.8-x86_64-linux-ubuntu14/bin/../lib/gcc/riscv64-unknown-elf/10.2.0/../../../../riscv64-unknown-elf/lib/rv32imac/ilp32/libc_nano.a(lib_a-stdio.o)
                0x0000000020011736                __sread
 .text.__swrite
                0x0000000020011768       0x4e /home/gra2p/Documents/uva_courses/rp1/tools/riscv64-unknown-elf-toolchain-10.2.0-2020.12.8-x86_64-linux-ubuntu14/bin/../lib/gcc/riscv64-unknown-elf/10.2.0/../../../../riscv64-unknown-elf/lib/rv32imac/ilp32/libc_nano.a(lib_a-stdio.o)
                0x0000000020011768                __swrite
 .text.__sseek  0x00000000200117b6       0x36 /home/gra2p/Documents/uva_courses/rp1/tools/riscv64-unknown-elf-toolchain-10.2.0-2020.12.8-x86_64-linux-ubuntu14/bin/../lib/gcc/riscv64-unknown-elf/10.2.0/../../../../riscv64-unknown-elf/lib/rv32imac/ilp32/libc_nano.a(lib_a-stdio.o)
                0x00000000200117b6                __sseek
 .text.__sclose
                0x00000000200117ec        0x6 /home/gra2p/Documents/uva_courses/rp1/tools/riscv64-unknown-elf-toolchain-10.2.0-2020.12.8-x86_64-linux-ubuntu14/bin/../lib/gcc/riscv64-unknown-elf/10.2.0/../../../../riscv64-unknown-elf/lib/rv32imac/ilp32/libc_nano.a(lib_a-stdio.o)
                0x00000000200117ec                __sclose
 .text.__swbuf_r
                0x00000000200117f2       0xc2 /home/gra2p/Documents/uva_courses/rp1/tools/riscv64-unknown-elf-toolchain-10.2.0-2020.12.8-x86_64-linux-ubuntu14/bin/../lib/gcc/riscv64-unknown-elf/10.2.0/../../../../riscv64-unknown-elf/lib/rv32imac/ilp32/libc_nano.a(lib_a-wbuf.o)
                0x00000000200117f2                __swbuf_r
 .text._write_r
                0x00000000200118b4       0x34 /home/gra2p/Documents/uva_courses/rp1/tools/riscv64-unknown-elf-toolchain-10.2.0-2020.12.8-x86_64-linux-ubuntu14/bin/../lib/gcc/riscv64-unknown-elf/10.2.0/../../../../riscv64-unknown-elf/lib/rv32imac/ilp32/libc_nano.a(lib_a-writer.o)
                0x00000000200118b4                _write_r
 .text.__swsetup_r
                0x00000000200118e8      0x10c /home/gra2p/Documents/uva_courses/rp1/tools/riscv64-unknown-elf-toolchain-10.2.0-2020.12.8-x86_64-linux-ubuntu14/bin/../lib/gcc/riscv64-unknown-elf/10.2.0/../../../../riscv64-unknown-elf/lib/rv32imac/ilp32/libc_nano.a(lib_a-wsetup.o)
                0x00000000200118e8                __swsetup_r
 .text._close_r
                0x00000000200119f4       0x30 /home/gra2p/Documents/uva_courses/rp1/tools/riscv64-unknown-elf-toolchain-10.2.0-2020.12.8-x86_64-linux-ubuntu14/bin/../lib/gcc/riscv64-unknown-elf/10.2.0/../../../../riscv64-unknown-elf/lib/rv32imac/ilp32/libc_nano.a(lib_a-closer.o)
                0x00000000200119f4                _close_r
 .text.__sflush_r
                0x0000000020011a24      0x146 /home/gra2p/Documents/uva_courses/rp1/tools/riscv64-unknown-elf-toolchain-10.2.0-2020.12.8-x86_64-linux-ubuntu14/bin/../lib/gcc/riscv64-unknown-elf/10.2.0/../../../../riscv64-unknown-elf/lib/rv32imac/ilp32/libc_nano.a(lib_a-fflush.o)
                0x0000000020011a24                __sflush_r
 .text._fflush_r
                0x0000000020011b6a       0x66 /home/gra2p/Documents/uva_courses/rp1/tools/riscv64-unknown-elf-toolchain-10.2.0-2020.12.8-x86_64-linux-ubuntu14/bin/../lib/gcc/riscv64-unknown-elf/10.2.0/../../../../riscv64-unknown-elf/lib/rv32imac/ilp32/libc_nano.a(lib_a-fflush.o)
                0x0000000020011b6a                _fflush_r
 .text._lseek_r
                0x0000000020011bd0       0x32 /home/gra2p/Documents/uva_courses/rp1/tools/riscv64-unknown-elf-toolchain-10.2.0-2020.12.8-x86_64-linux-ubuntu14/bin/../lib/gcc/riscv64-unknown-elf/10.2.0/../../../../riscv64-unknown-elf/lib/rv32imac/ilp32/libc_nano.a(lib_a-lseekr.o)
                0x0000000020011bd0                _lseek_r
 .text.__swhatbuf_r
                0x0000000020011c02       0x5a /home/gra2p/Documents/uva_courses/rp1/tools/riscv64-unknown-elf-toolchain-10.2.0-2020.12.8-x86_64-linux-ubuntu14/bin/../lib/gcc/riscv64-unknown-elf/10.2.0/../../../../riscv64-unknown-elf/lib/rv32imac/ilp32/libc_nano.a(lib_a-makebuf.o)
                0x0000000020011c02                __swhatbuf_r
 .text.__smakebuf_r
                0x0000000020011c5c       0x9e /home/gra2p/Documents/uva_courses/rp1/tools/riscv64-unknown-elf-toolchain-10.2.0-2020.12.8-x86_64-linux-ubuntu14/bin/../lib/gcc/riscv64-unknown-elf/10.2.0/../../../../riscv64-unknown-elf/lib/rv32imac/ilp32/libc_nano.a(lib_a-makebuf.o)
                0x0000000020011c5c                __smakebuf_r
 .text.memchr   0x0000000020011cfa       0x1a /home/gra2p/Documents/uva_courses/rp1/tools/riscv64-unknown-elf-toolchain-10.2.0-2020.12.8-x86_64-linux-ubuntu14/bin/../lib/gcc/riscv64-unknown-elf/10.2.0/../../../../riscv64-unknown-elf/lib/rv32imac/ilp32/libc_nano.a(lib_a-memchr.o)
                0x0000000020011cfa                memchr
 .text.__malloc_lock
                0x0000000020011d14        0x2 /home/gra2p/Documents/uva_courses/rp1/tools/riscv64-unknown-elf-toolchain-10.2.0-2020.12.8-x86_64-linux-ubuntu14/bin/../lib/gcc/riscv64-unknown-elf/10.2.0/../../../../riscv64-unknown-elf/lib/rv32imac/ilp32/libc_nano.a(lib_a-mlock.o)
                0x0000000020011d14                __malloc_lock
 .text.__malloc_unlock
                0x0000000020011d16        0x2 /home/gra2p/Documents/uva_courses/rp1/tools/riscv64-unknown-elf-toolchain-10.2.0-2020.12.8-x86_64-linux-ubuntu14/bin/../lib/gcc/riscv64-unknown-elf/10.2.0/../../../../riscv64-unknown-elf/lib/rv32imac/ilp32/libc_nano.a(lib_a-mlock.o)
                0x0000000020011d16                __malloc_unlock
 .text._free_r  0x0000000020011d18       0xa2 /home/gra2p/Documents/uva_courses/rp1/tools/riscv64-unknown-elf-toolchain-10.2.0-2020.12.8-x86_64-linux-ubuntu14/bin/../lib/gcc/riscv64-unknown-elf/10.2.0/../../../../riscv64-unknown-elf/lib/rv32imac/ilp32/libc_nano.a(lib_a-nano-freer.o)
                0x0000000020011d18                _free_r
 .text._printf_common
                0x0000000020011dba      0x10c /home/gra2p/Documents/uva_courses/rp1/tools/riscv64-unknown-elf-toolchain-10.2.0-2020.12.8-x86_64-linux-ubuntu14/bin/../lib/gcc/riscv64-unknown-elf/10.2.0/../../../../riscv64-unknown-elf/lib/rv32imac/ilp32/libc_nano.a(lib_a-nano-vfprintf_i.o)
                0x0000000020011dba                _printf_common
 .text._printf_i
                0x0000000020011ec6      0x270 /home/gra2p/Documents/uva_courses/rp1/tools/riscv64-unknown-elf-toolchain-10.2.0-2020.12.8-x86_64-linux-ubuntu14/bin/../lib/gcc/riscv64-unknown-elf/10.2.0/../../../../riscv64-unknown-elf/lib/rv32imac/ilp32/libc_nano.a(lib_a-nano-vfprintf_i.o)
                0x0000000020011ec6                _printf_i
 .text._read_r  0x0000000020012136       0x32 /home/gra2p/Documents/uva_courses/rp1/tools/riscv64-unknown-elf-toolchain-10.2.0-2020.12.8-x86_64-linux-ubuntu14/bin/../lib/gcc/riscv64-unknown-elf/10.2.0/../../../../riscv64-unknown-elf/lib/rv32imac/ilp32/libc_nano.a(lib_a-readr.o)
                0x0000000020012136                _read_r
 .text._fstat_r
                0x0000000020012168       0x30 /home/gra2p/Documents/uva_courses/rp1/tools/riscv64-unknown-elf-toolchain-10.2.0-2020.12.8-x86_64-linux-ubuntu14/bin/../lib/gcc/riscv64-unknown-elf/10.2.0/../../../../riscv64-unknown-elf/lib/rv32imac/ilp32/libc_nano.a(lib_a-fstatr.o)
                0x0000000020012168                _fstat_r
 .text._isatty_r
                0x0000000020012198       0x2e /home/gra2p/Documents/uva_courses/rp1/tools/riscv64-unknown-elf-toolchain-10.2.0-2020.12.8-x86_64-linux-ubuntu14/bin/../lib/gcc/riscv64-unknown-elf/10.2.0/../../../../riscv64-unknown-elf/lib/rv32imac/ilp32/libc_nano.a(lib_a-isattyr.o)
                0x0000000020012198                _isatty_r
 .text._close   0x00000000200121c6       0x22 /home/gra2p/Documents/uva_courses/rp1/src/bsp/sifive-hifive1-revb/install/lib/debug//libmetal-gloss.a(sys_close.o)
                0x00000000200121c6                _close
 .text._fstat   0x00000000200121e8       0x26 /home/gra2p/Documents/uva_courses/rp1/src/bsp/sifive-hifive1-revb/install/lib/debug//libmetal-gloss.a(sys_fstat.o)
                0x00000000200121e8                _fstat
 .text._isatty  0x000000002001220e       0x20 /home/gra2p/Documents/uva_courses/rp1/src/bsp/sifive-hifive1-revb/install/lib/debug//libmetal-gloss.a(sys_isatty.o)
                0x000000002001220e                _isatty
 .text._lseek   0x000000002001222e       0x2a /home/gra2p/Documents/uva_courses/rp1/src/bsp/sifive-hifive1-revb/install/lib/debug//libmetal-gloss.a(sys_lseek.o)
                0x000000002001222e                _lseek
 .text._read    0x0000000020012258       0x2a /home/gra2p/Documents/uva_courses/rp1/src/bsp/sifive-hifive1-revb/install/lib/debug//libmetal-gloss.a(sys_read.o)
                0x0000000020012258                _read
 .text._sbrk    0x0000000020012282       0x7e /home/gra2p/Documents/uva_courses/rp1/src/bsp/sifive-hifive1-revb/install/lib/debug//libmetal-gloss.a(sys_sbrk.o)
                0x0000000020012282                _sbrk
 .text._write   0x0000000020012300       0x6e /home/gra2p/Documents/uva_courses/rp1/src/bsp/sifive-hifive1-revb/install/lib/debug//libmetal-gloss.a(sys_write.o)
                0x0000000020012300                write
                0x0000000020012300                _write
 .text.atexit   0x000000002001236e        0xa /home/gra2p/Documents/uva_courses/rp1/tools/riscv64-unknown-elf-toolchain-10.2.0-2020.12.8-x86_64-linux-ubuntu14/bin/../lib/gcc/riscv64-unknown-elf/10.2.0/../../../../riscv64-unknown-elf/lib/rv32imac/ilp32/libc_nano.a(lib_a-atexit.o)
                0x000000002001236e                atexit
 .text.__errno  0x0000000020012378        0xa /home/gra2p/Documents/uva_courses/rp1/tools/riscv64-unknown-elf-toolchain-10.2.0-2020.12.8-x86_64-linux-ubuntu14/bin/../lib/gcc/riscv64-unknown-elf/10.2.0/../../../../riscv64-unknown-elf/lib/rv32imac/ilp32/libc_nano.a(lib_a-errno.o)
                0x0000000020012378                __errno
 .text.exit     0x0000000020012382       0x2a /home/gra2p/Documents/uva_courses/rp1/tools/riscv64-unknown-elf-toolchain-10.2.0-2020.12.8-x86_64-linux-ubuntu14/bin/../lib/gcc/riscv64-unknown-elf/10.2.0/../../../../riscv64-unknown-elf/lib/rv32imac/ilp32/libc_nano.a(lib_a-exit.o)
                0x0000000020012382                exit
 .text.__libc_fini_array
                0x00000000200123ac       0x36 /home/gra2p/Documents/uva_courses/rp1/tools/riscv64-unknown-elf-toolchain-10.2.0-2020.12.8-x86_64-linux-ubuntu14/bin/../lib/gcc/riscv64-unknown-elf/10.2.0/../../../../riscv64-unknown-elf/lib/rv32imac/ilp32/libc_nano.a(lib_a-fini.o)
                0x00000000200123ac                __libc_fini_array
 .text.__libc_init_array
                0x00000000200123e2       0x5e /home/gra2p/Documents/uva_courses/rp1/tools/riscv64-unknown-elf-toolchain-10.2.0-2020.12.8-x86_64-linux-ubuntu14/bin/../lib/gcc/riscv64-unknown-elf/10.2.0/../../../../riscv64-unknown-elf/lib/rv32imac/ilp32/libc_nano.a(lib_a-init.o)
                0x00000000200123e2                __libc_init_array
 .text.__register_exitproc
                0x0000000020012440       0x7c /home/gra2p/Documents/uva_courses/rp1/tools/riscv64-unknown-elf-toolchain-10.2.0-2020.12.8-x86_64-linux-ubuntu14/bin/../lib/gcc/riscv64-unknown-elf/10.2.0/../../../../riscv64-unknown-elf/lib/rv32imac/ilp32/libc_nano.a(lib_a-__atexit.o)
                0x0000000020012440                __register_exitproc
 .text.__call_exitprocs
                0x00000000200124bc       0xc8 /home/gra2p/Documents/uva_courses/rp1/tools/riscv64-unknown-elf-toolchain-10.2.0-2020.12.8-x86_64-linux-ubuntu14/bin/../lib/gcc/riscv64-unknown-elf/10.2.0/../../../../riscv64-unknown-elf/lib/rv32imac/ilp32/libc_nano.a(lib_a-__call_atexit.o)
                0x00000000200124bc                __call_exitprocs
 .text.metal_init
                0x0000000020012584       0x78 /home/gra2p/Documents/uva_courses/rp1/src/bsp/sifive-hifive1-revb/install/lib/debug//libmetal.a(init.o)
                0x0000000020012584                metal_init
 .text.metal_fini
                0x00000000200125fc       0x78 /home/gra2p/Documents/uva_courses/rp1/src/bsp/sifive-hifive1-revb/install/lib/debug//libmetal.a(init.o)
                0x00000000200125fc                metal_fini
 .text.metal_init_run
                0x0000000020012674       0x14 /home/gra2p/Documents/uva_courses/rp1/src/bsp/sifive-hifive1-revb/install/lib/debug//libmetal.a(init.o)
                0x0000000020012674                metal_init_run
 .text.metal_fini_run
                0x0000000020012688       0x14 /home/gra2p/Documents/uva_courses/rp1/src/bsp/sifive-hifive1-revb/install/lib/debug//libmetal.a(init.o)
                0x0000000020012688                metal_fini_run
 .text.metal_tty_putc
                0x000000002001269c       0x26 /home/gra2p/Documents/uva_courses/rp1/src/bsp/sifive-hifive1-revb/install/lib/debug//libmetal.a(tty.o)
                0x000000002001269c                metal_tty_putc
 .text.metal_uart_init
                0x00000000200126c2       0x2c /home/gra2p/Documents/uva_courses/rp1/src/bsp/sifive-hifive1-revb/install/lib/debug//libmetal.a(uart.o)
                0x00000000200126c2                metal_uart_init
 .text.metal_uart_putc
                0x00000000200126ee       0x2e /home/gra2p/Documents/uva_courses/rp1/src/bsp/sifive-hifive1-revb/install/lib/debug//libmetal.a(uart.o)
                0x00000000200126ee                metal_uart_putc
 .text.metal_uart_set_baud_rate
                0x000000002001271c       0x2e /home/gra2p/Documents/uva_courses/rp1/src/bsp/sifive-hifive1-revb/install/lib/debug//libmetal.a(uart.o)
                0x000000002001271c                metal_uart_set_baud_rate
 .text.__metal_driver_sifive_clint0_control_base
                0x000000002001274a       0x2a /home/gra2p/Documents/uva_courses/rp1/src/bsp/sifive-hifive1-revb/install/lib/debug//libmetal.a(riscv_clint0.o)
 .text.__metal_driver_sifive_clint0_num_interrupts
                0x0000000020012774       0x28 /home/gra2p/Documents/uva_courses/rp1/src/bsp/sifive-hifive1-revb/install/lib/debug//libmetal.a(riscv_clint0.o)
 .text.__metal_driver_sifive_clint0_interrupt_parents
                0x000000002001279c       0x3c /home/gra2p/Documents/uva_courses/rp1/src/bsp/sifive-hifive1-revb/install/lib/debug//libmetal.a(riscv_clint0.o)
 .text.__metal_driver_sifive_clint0_interrupt_lines
                0x00000000200127d8       0x30 /home/gra2p/Documents/uva_courses/rp1/src/bsp/sifive-hifive1-revb/install/lib/debug//libmetal.a(riscv_clint0.o)
 .text.__metal_clint0_mtime_get
                0x0000000020012808       0x9a /home/gra2p/Documents/uva_courses/rp1/src/bsp/sifive-hifive1-revb/install/lib/debug//libmetal.a(riscv_clint0.o)
                0x0000000020012808                __metal_clint0_mtime_get
 .text.__metal_driver_riscv_clint0_mtimecmp_set
                0x00000000200128a2       0x96 /home/gra2p/Documents/uva_courses/rp1/src/bsp/sifive-hifive1-revb/install/lib/debug//libmetal.a(riscv_clint0.o)
                0x00000000200128a2                __metal_driver_riscv_clint0_mtimecmp_set
 .text._get_cpu_intc
                0x0000000020012938       0x36 /home/gra2p/Documents/uva_courses/rp1/src/bsp/sifive-hifive1-revb/install/lib/debug//libmetal.a(riscv_clint0.o)
 .text.__metal_driver_riscv_clint0_init
                0x000000002001296e       0x88 /home/gra2p/Documents/uva_courses/rp1/src/bsp/sifive-hifive1-revb/install/lib/debug//libmetal.a(riscv_clint0.o)
                0x000000002001296e                __metal_driver_riscv_clint0_init
 .text.__metal_driver_riscv_clint0_register
                0x00000000200129f6       0xda /home/gra2p/Documents/uva_courses/rp1/src/bsp/sifive-hifive1-revb/install/lib/debug//libmetal.a(riscv_clint0.o)
                0x00000000200129f6                __metal_driver_riscv_clint0_register
 .text.__metal_driver_riscv_clint0_vector_register
                0x0000000020012ad0       0x28 /home/gra2p/Documents/uva_courses/rp1/src/bsp/sifive-hifive1-revb/install/lib/debug//libmetal.a(riscv_clint0.o)
                0x0000000020012ad0                __metal_driver_riscv_clint0_vector_register
 .text.__metal_driver_riscv_clint0_get_vector_mode
                0x0000000020012af8       0x1c /home/gra2p/Documents/uva_courses/rp1/src/bsp/sifive-hifive1-revb/install/lib/debug//libmetal.a(riscv_clint0.o)
                0x0000000020012af8                __metal_driver_riscv_clint0_get_vector_mode
 .text.__metal_driver_riscv_clint0_set_vector_mode
                0x0000000020012b14       0x58 /home/gra2p/Documents/uva_courses/rp1/src/bsp/sifive-hifive1-revb/install/lib/debug//libmetal.a(riscv_clint0.o)
                0x0000000020012b14                __metal_driver_riscv_clint0_set_vector_mode
 .text.__metal_driver_riscv_clint0_enable
                0x0000000020012b6c       0xb2 /home/gra2p/Documents/uva_courses/rp1/src/bsp/sifive-hifive1-revb/install/lib/debug//libmetal.a(riscv_clint0.o)
                0x0000000020012b6c                __metal_driver_riscv_clint0_enable
 .text.__metal_driver_riscv_clint0_disable
                0x0000000020012c1e       0xb2 /home/gra2p/Documents/uva_courses/rp1/src/bsp/sifive-hifive1-revb/install/lib/debug//libmetal.a(riscv_clint0.o)
                0x0000000020012c1e                __metal_driver_riscv_clint0_disable
 .text.__metal_driver_riscv_clint0_command_request
                0x0000000020012cd0      0x13e /home/gra2p/Documents/uva_courses/rp1/src/bsp/sifive-hifive1-revb/install/lib/debug//libmetal.a(riscv_clint0.o)
                0x0000000020012cd0                __metal_driver_riscv_clint0_command_request
 .text.__metal_driver_riscv_clint0_clear_interrupt
                0x0000000020012e0e       0x34 /home/gra2p/Documents/uva_courses/rp1/src/bsp/sifive-hifive1-revb/install/lib/debug//libmetal.a(riscv_clint0.o)
                0x0000000020012e0e                __metal_driver_riscv_clint0_clear_interrupt
 .text.__metal_driver_riscv_clint0_set_interrupt
                0x0000000020012e42       0x34 /home/gra2p/Documents/uva_courses/rp1/src/bsp/sifive-hifive1-revb/install/lib/debug//libmetal.a(riscv_clint0.o)
                0x0000000020012e42                __metal_driver_riscv_clint0_set_interrupt
 .text.__metal_driver_cpu_hartid
                0x0000000020012e76       0x24 /home/gra2p/Documents/uva_courses/rp1/src/bsp/sifive-hifive1-revb/install/lib/debug//libmetal.a(riscv_cpu.o)
 .text.__metal_driver_cpu_timebase
                0x0000000020012e9a       0x2a /home/gra2p/Documents/uva_courses/rp1/src/bsp/sifive-hifive1-revb/install/lib/debug//libmetal.a(riscv_cpu.o)
 .text.__metal_driver_cpu_interrupt_controller
                0x0000000020012ec4       0x2a /home/gra2p/Documents/uva_courses/rp1/src/bsp/sifive-hifive1-revb/install/lib/debug//libmetal.a(riscv_cpu.o)
 .text.__metal_driver_cpu_buserror
                0x0000000020012eee       0x24 /home/gra2p/Documents/uva_courses/rp1/src/bsp/sifive-hifive1-revb/install/lib/debug//libmetal.a(riscv_cpu.o)
 .text.__metal_driver_cpu_get
                0x0000000020012f12       0x30 /home/gra2p/Documents/uva_courses/rp1/src/bsp/sifive-hifive1-revb/install/lib/debug//libmetal.a(riscv_cpu.o)
                0x0000000020012f12                __metal_driver_cpu_get
 .text.__metal_myhart_id
                0x0000000020012f42       0x1a /home/gra2p/Documents/uva_courses/rp1/src/bsp/sifive-hifive1-revb/install/lib/debug//libmetal.a(riscv_cpu.o)
                0x0000000020012f42                __metal_myhart_id
 .text.__metal_interrupt_global_enable
                0x0000000020012f5c       0x18 /home/gra2p/Documents/uva_courses/rp1/src/bsp/sifive-hifive1-revb/install/lib/debug//libmetal.a(riscv_cpu.o)
                0x0000000020012f5c                __metal_interrupt_global_enable
 .text.__metal_interrupt_global_disable
                0x0000000020012f74       0x18 /home/gra2p/Documents/uva_courses/rp1/src/bsp/sifive-hifive1-revb/install/lib/debug//libmetal.a(riscv_cpu.o)
                0x0000000020012f74                __metal_interrupt_global_disable
 .text.__metal_interrupt_software_enable
                0x0000000020012f8c       0x18 /home/gra2p/Documents/uva_courses/rp1/src/bsp/sifive-hifive1-revb/install/lib/debug//libmetal.a(riscv_cpu.o)
                0x0000000020012f8c                __metal_interrupt_software_enable
 .text.__metal_interrupt_software_disable
                0x0000000020012fa4       0x18 /home/gra2p/Documents/uva_courses/rp1/src/bsp/sifive-hifive1-revb/install/lib/debug//libmetal.a(riscv_cpu.o)
                0x0000000020012fa4                __metal_interrupt_software_disable
 .text.__metal_interrupt_timer_enable
                0x0000000020012fbc       0x1a /home/gra2p/Documents/uva_courses/rp1/src/bsp/sifive-hifive1-revb/install/lib/debug//libmetal.a(riscv_cpu.o)
                0x0000000020012fbc                __metal_interrupt_timer_enable
 .text.__metal_interrupt_timer_disable
                0x0000000020012fd6       0x1a /home/gra2p/Documents/uva_courses/rp1/src/bsp/sifive-hifive1-revb/install/lib/debug//libmetal.a(riscv_cpu.o)
                0x0000000020012fd6                __metal_interrupt_timer_disable
 .text.__metal_interrupt_external_enable
                0x0000000020012ff0       0x1c /home/gra2p/Documents/uva_courses/rp1/src/bsp/sifive-hifive1-revb/install/lib/debug//libmetal.a(riscv_cpu.o)
                0x0000000020012ff0                __metal_interrupt_external_enable
 .text.__metal_interrupt_external_disable
                0x000000002001300c       0x1c /home/gra2p/Documents/uva_courses/rp1/src/bsp/sifive-hifive1-revb/install/lib/debug//libmetal.a(riscv_cpu.o)
                0x000000002001300c                __metal_interrupt_external_disable
 .text.__metal_interrupt_local_enable
                0x0000000020013028       0x2c /home/gra2p/Documents/uva_courses/rp1/src/bsp/sifive-hifive1-revb/install/lib/debug//libmetal.a(riscv_cpu.o)
                0x0000000020013028                __metal_interrupt_local_enable
 .text.__metal_interrupt_local_disable
                0x0000000020013054       0x2c /home/gra2p/Documents/uva_courses/rp1/src/bsp/sifive-hifive1-revb/install/lib/debug//libmetal.a(riscv_cpu.o)
                0x0000000020013054                __metal_interrupt_local_disable
 .text.__metal_default_exception_handler
                0x0000000020013080       0x18 /home/gra2p/Documents/uva_courses/rp1/src/bsp/sifive-hifive1-revb/install/lib/debug//libmetal.a(riscv_cpu.o)
                0x0000000020013080                __metal_default_exception_handler
 .text.__metal_default_interrupt_handler
                0x0000000020013098       0x18 /home/gra2p/Documents/uva_courses/rp1/src/bsp/sifive-hifive1-revb/install/lib/debug//libmetal.a(riscv_cpu.o)
                0x0000000020013098                __metal_default_interrupt_handler
 .text.metal_interrupt_vector_handler
                0x00000000200130b0       0x2e /home/gra2p/Documents/uva_courses/rp1/src/bsp/sifive-hifive1-revb/install/lib/debug//libmetal.a(riscv_cpu.o)
                0x00000000200130b0                metal_interrupt_vector_handler
 .text.metal_software_interrupt_vector_handler
                0x00000000200130de       0x92 /home/gra2p/Documents/uva_courses/rp1/src/bsp/sifive-hifive1-revb/install/lib/debug//libmetal.a(riscv_cpu.o)
                0x00000000200130de                metal_software_interrupt_vector_handler
 .text.__metal_default_sw_handler
                0x0000000020013170       0x68 /home/gra2p/Documents/uva_courses/rp1/src/bsp/sifive-hifive1-revb/install/lib/debug//libmetal.a(riscv_cpu.o)
                0x0000000020013170                __metal_default_sw_handler
 .text.metal_timer_interrupt_vector_handler
                0x00000000200131d8       0x92 /home/gra2p/Documents/uva_courses/rp1/src/bsp/sifive-hifive1-revb/install/lib/debug//libmetal.a(riscv_cpu.o)
                0x00000000200131d8                metal_timer_interrupt_vector_handler
 .text.__metal_default_beu_handler
                0x000000002001326a       0x16 /home/gra2p/Documents/uva_courses/rp1/src/bsp/sifive-hifive1-revb/install/lib/debug//libmetal.a(riscv_cpu.o)
                0x000000002001326a                __metal_default_beu_handler
 .text.__metal_default_timer_handler
                0x0000000020013280       0x66 /home/gra2p/Documents/uva_courses/rp1/src/bsp/sifive-hifive1-revb/install/lib/debug//libmetal.a(riscv_cpu.o)
                0x0000000020013280                __metal_default_timer_handler
 *fill*         0x00000000200132e6       0x1a 
 .text.__metal_exception_handler
                0x0000000020013300      0x1f8 /home/gra2p/Documents/uva_courses/rp1/src/bsp/sifive-hifive1-revb/install/lib/debug//libmetal.a(riscv_cpu.o)
                0x0000000020013300                __metal_exception_handler
 .text.metal_lc0_interrupt_vector_handler
                0x00000000200134f8       0x96 /home/gra2p/Documents/uva_courses/rp1/src/bsp/sifive-hifive1-revb/install/lib/debug//libmetal.a(riscv_cpu.o)
                0x00000000200134f8                metal_lc0_interrupt_vector_handler
 .text.metal_lc1_interrupt_vector_handler
                0x000000002001358e       0x96 /home/gra2p/Documents/uva_courses/rp1/src/bsp/sifive-hifive1-revb/install/lib/debug//libmetal.a(riscv_cpu.o)
                0x000000002001358e                metal_lc1_interrupt_vector_handler
 .text.metal_lc2_interrupt_vector_handler
                0x0000000020013624       0x96 /home/gra2p/Documents/uva_courses/rp1/src/bsp/sifive-hifive1-revb/install/lib/debug//libmetal.a(riscv_cpu.o)
                0x0000000020013624                metal_lc2_interrupt_vector_handler
 .text.metal_lc3_interrupt_vector_handler
                0x00000000200136ba       0x96 /home/gra2p/Documents/uva_courses/rp1/src/bsp/sifive-hifive1-revb/install/lib/debug//libmetal.a(riscv_cpu.o)
                0x00000000200136ba                metal_lc3_interrupt_vector_handler
 .text.metal_lc4_interrupt_vector_handler
                0x0000000020013750       0x96 /home/gra2p/Documents/uva_courses/rp1/src/bsp/sifive-hifive1-revb/install/lib/debug//libmetal.a(riscv_cpu.o)
                0x0000000020013750                metal_lc4_interrupt_vector_handler
 .text.metal_lc5_interrupt_vector_handler
                0x00000000200137e6       0x96 /home/gra2p/Documents/uva_courses/rp1/src/bsp/sifive-hifive1-revb/install/lib/debug//libmetal.a(riscv_cpu.o)
                0x00000000200137e6                metal_lc5_interrupt_vector_handler
 .text.metal_lc6_interrupt_vector_handler
                0x000000002001387c       0x96 /home/gra2p/Documents/uva_courses/rp1/src/bsp/sifive-hifive1-revb/install/lib/debug//libmetal.a(riscv_cpu.o)
                0x000000002001387c                metal_lc6_interrupt_vector_handler
 .text.metal_lc7_interrupt_vector_handler
                0x0000000020013912       0x96 /home/gra2p/Documents/uva_courses/rp1/src/bsp/sifive-hifive1-revb/install/lib/debug//libmetal.a(riscv_cpu.o)
                0x0000000020013912                metal_lc7_interrupt_vector_handler
 .text.metal_lc8_interrupt_vector_handler
                0x00000000200139a8       0x96 /home/gra2p/Documents/uva_courses/rp1/src/bsp/sifive-hifive1-revb/install/lib/debug//libmetal.a(riscv_cpu.o)
                0x00000000200139a8                metal_lc8_interrupt_vector_handler
 .text.metal_lc9_interrupt_vector_handler
                0x0000000020013a3e       0x96 /home/gra2p/Documents/uva_courses/rp1/src/bsp/sifive-hifive1-revb/install/lib/debug//libmetal.a(riscv_cpu.o)
                0x0000000020013a3e                metal_lc9_interrupt_vector_handler
 .text.metal_lc10_interrupt_vector_handler
                0x0000000020013ad4       0x96 /home/gra2p/Documents/uva_courses/rp1/src/bsp/sifive-hifive1-revb/install/lib/debug//libmetal.a(riscv_cpu.o)
                0x0000000020013ad4                metal_lc10_interrupt_vector_handler
 .text.metal_lc11_interrupt_vector_handler
                0x0000000020013b6a       0x96 /home/gra2p/Documents/uva_courses/rp1/src/bsp/sifive-hifive1-revb/install/lib/debug//libmetal.a(riscv_cpu.o)
                0x0000000020013b6a                metal_lc11_interrupt_vector_handler
 .text.metal_lc12_interrupt_vector_handler
                0x0000000020013c00       0x96 /home/gra2p/Documents/uva_courses/rp1/src/bsp/sifive-hifive1-revb/install/lib/debug//libmetal.a(riscv_cpu.o)
                0x0000000020013c00                metal_lc12_interrupt_vector_handler
 .text.metal_lc13_interrupt_vector_handler
                0x0000000020013c96       0x96 /home/gra2p/Documents/uva_courses/rp1/src/bsp/sifive-hifive1-revb/install/lib/debug//libmetal.a(riscv_cpu.o)
                0x0000000020013c96                metal_lc13_interrupt_vector_handler
 .text.metal_lc14_interrupt_vector_handler
                0x0000000020013d2c       0x96 /home/gra2p/Documents/uva_courses/rp1/src/bsp/sifive-hifive1-revb/install/lib/debug//libmetal.a(riscv_cpu.o)
                0x0000000020013d2c                metal_lc14_interrupt_vector_handler
 .text.metal_lc15_interrupt_vector_handler
                0x0000000020013dc2       0x96 /home/gra2p/Documents/uva_courses/rp1/src/bsp/sifive-hifive1-revb/install/lib/debug//libmetal.a(riscv_cpu.o)
                0x0000000020013dc2                metal_lc15_interrupt_vector_handler
 .text.__metal_controller_interrupt_vector_mode
                0x0000000020013e58       0x58 /home/gra2p/Documents/uva_courses/rp1/src/bsp/sifive-hifive1-revb/install/lib/debug//libmetal.a(riscv_cpu.o)
                0x0000000020013e58                __metal_controller_interrupt_vector_mode
 .text.__metal_controller_interrupt_vector
                0x0000000020013eb0       0xb2 /home/gra2p/Documents/uva_courses/rp1/src/bsp/sifive-hifive1-revb/install/lib/debug//libmetal.a(riscv_cpu.o)
                0x0000000020013eb0                __metal_controller_interrupt_vector
 .text.__metal_valid_interrupt_id
                0x0000000020013f62       0x58 /home/gra2p/Documents/uva_courses/rp1/src/bsp/sifive-hifive1-revb/install/lib/debug//libmetal.a(riscv_cpu.o)
                0x0000000020013f62                __metal_valid_interrupt_id
 .text.__metal_local_interrupt_enable
                0x0000000020013fba       0xbc /home/gra2p/Documents/uva_courses/rp1/src/bsp/sifive-hifive1-revb/install/lib/debug//libmetal.a(riscv_cpu.o)
                0x0000000020013fba                __metal_local_interrupt_enable
 .text.__metal_exception_register
                0x0000000020014076       0x4e /home/gra2p/Documents/uva_courses/rp1/src/bsp/sifive-hifive1-revb/install/lib/debug//libmetal.a(riscv_cpu.o)
                0x0000000020014076                __metal_exception_register
 .text.__metal_driver_riscv_cpu_controller_interrupt_init
                0x00000000200140c4       0xe2 /home/gra2p/Documents/uva_courses/rp1/src/bsp/sifive-hifive1-revb/install/lib/debug//libmetal.a(riscv_cpu.o)
                0x00000000200140c4                __metal_driver_riscv_cpu_controller_interrupt_init
 .text.__metal_driver_riscv_cpu_controller_interrupt_register
                0x00000000200141a6      0x1e0 /home/gra2p/Documents/uva_courses/rp1/src/bsp/sifive-hifive1-revb/install/lib/debug//libmetal.a(riscv_cpu.o)
                0x00000000200141a6                __metal_driver_riscv_cpu_controller_interrupt_register
 .text.__metal_driver_riscv_cpu_controller_interrupt_enable
                0x0000000020014386       0x2c /home/gra2p/Documents/uva_courses/rp1/src/bsp/sifive-hifive1-revb/install/lib/debug//libmetal.a(riscv_cpu.o)
                0x0000000020014386                __metal_driver_riscv_cpu_controller_interrupt_enable
 .text.__metal_driver_riscv_cpu_controller_interrupt_disable
                0x00000000200143b2       0x2c /home/gra2p/Documents/uva_courses/rp1/src/bsp/sifive-hifive1-revb/install/lib/debug//libmetal.a(riscv_cpu.o)
                0x00000000200143b2                __metal_driver_riscv_cpu_controller_interrupt_disable
 .text.__metal_driver_riscv_cpu_controller_get_vector_mode
                0x00000000200143de       0x1c /home/gra2p/Documents/uva_courses/rp1/src/bsp/sifive-hifive1-revb/install/lib/debug//libmetal.a(riscv_cpu.o)
                0x00000000200143de                __metal_driver_riscv_cpu_controller_get_vector_mode
 .text.__metal_driver_riscv_cpu_controller_set_vector_mode
                0x00000000200143fa       0x54 /home/gra2p/Documents/uva_courses/rp1/src/bsp/sifive-hifive1-revb/install/lib/debug//libmetal.a(riscv_cpu.o)
                0x00000000200143fa                __metal_driver_riscv_cpu_controller_set_vector_mode
 .text.__metal_driver_riscv_cpu_controller_command_request
                0x000000002001444e       0x1c /home/gra2p/Documents/uva_courses/rp1/src/bsp/sifive-hifive1-revb/install/lib/debug//libmetal.a(riscv_cpu.o)
                0x000000002001444e                __metal_driver_riscv_cpu_controller_command_request
 .text.__metal_driver_cpu_mcycle_get
                0x000000002001446a       0x70 /home/gra2p/Documents/uva_courses/rp1/src/bsp/sifive-hifive1-revb/install/lib/debug//libmetal.a(riscv_cpu.o)
                0x000000002001446a                __metal_driver_cpu_mcycle_get
 .text.__metal_driver_cpu_timebase_get
                0x00000000200144da       0x46 /home/gra2p/Documents/uva_courses/rp1/src/bsp/sifive-hifive1-revb/install/lib/debug//libmetal.a(riscv_cpu.o)
                0x00000000200144da                __metal_driver_cpu_timebase_get
 .text.__metal_driver_cpu_mtime_get
                0x0000000020014520       0x66 /home/gra2p/Documents/uva_courses/rp1/src/bsp/sifive-hifive1-revb/install/lib/debug//libmetal.a(riscv_cpu.o)
                0x0000000020014520                __metal_driver_cpu_mtime_get
 .text.__metal_driver_cpu_mtimecmp_set
                0x0000000020014586       0x76 /home/gra2p/Documents/uva_courses/rp1/src/bsp/sifive-hifive1-revb/install/lib/debug//libmetal.a(riscv_cpu.o)
                0x0000000020014586                __metal_driver_cpu_mtimecmp_set
 .text.__metal_driver_cpu_timer_controller_interrupt
                0x00000000200145fc       0x1a /home/gra2p/Documents/uva_courses/rp1/src/bsp/sifive-hifive1-revb/install/lib/debug//libmetal.a(riscv_cpu.o)
                0x00000000200145fc                __metal_driver_cpu_timer_controller_interrupt
 .text.__metal_driver_cpu_get_timer_interrupt_id
                0x0000000020014616       0x14 /home/gra2p/Documents/uva_courses/rp1/src/bsp/sifive-hifive1-revb/install/lib/debug//libmetal.a(riscv_cpu.o)
                0x0000000020014616                __metal_driver_cpu_get_timer_interrupt_id
 .text.__metal_driver_cpu_sw_controller_interrupt
                0x000000002001462a       0x1a /home/gra2p/Documents/uva_courses/rp1/src/bsp/sifive-hifive1-revb/install/lib/debug//libmetal.a(riscv_cpu.o)
                0x000000002001462a                __metal_driver_cpu_sw_controller_interrupt
 .text.__metal_driver_cpu_get_sw_interrupt_id
                0x0000000020014644       0x14 /home/gra2p/Documents/uva_courses/rp1/src/bsp/sifive-hifive1-revb/install/lib/debug//libmetal.a(riscv_cpu.o)
                0x0000000020014644                __metal_driver_cpu_get_sw_interrupt_id
 .text.__metal_driver_cpu_set_sw_ipi
                0x0000000020014658       0x62 /home/gra2p/Documents/uva_courses/rp1/src/bsp/sifive-hifive1-revb/install/lib/debug//libmetal.a(riscv_cpu.o)
                0x0000000020014658                __metal_driver_cpu_set_sw_ipi
 .text.__metal_driver_cpu_clear_sw_ipi
                0x00000000200146ba       0x62 /home/gra2p/Documents/uva_courses/rp1/src/bsp/sifive-hifive1-revb/install/lib/debug//libmetal.a(riscv_cpu.o)
                0x00000000200146ba                __metal_driver_cpu_clear_sw_ipi
 .text.__metal_driver_cpu_get_msip
                0x000000002001471c       0x60 /home/gra2p/Documents/uva_courses/rp1/src/bsp/sifive-hifive1-revb/install/lib/debug//libmetal.a(riscv_cpu.o)
                0x000000002001471c                __metal_driver_cpu_get_msip
 .text.__metal_driver_cpu_controller_interrupt
                0x000000002001477c       0x20 /home/gra2p/Documents/uva_courses/rp1/src/bsp/sifive-hifive1-revb/install/lib/debug//libmetal.a(riscv_cpu.o)
                0x000000002001477c                __metal_driver_cpu_controller_interrupt
 .text.__metal_driver_cpu_exception_register
                0x000000002001479c       0x46 /home/gra2p/Documents/uva_courses/rp1/src/bsp/sifive-hifive1-revb/install/lib/debug//libmetal.a(riscv_cpu.o)
                0x000000002001479c                __metal_driver_cpu_exception_register
 .text.__metal_driver_cpu_get_instruction_length
                0x00000000200147e2       0x2e /home/gra2p/Documents/uva_courses/rp1/src/bsp/sifive-hifive1-revb/install/lib/debug//libmetal.a(riscv_cpu.o)
                0x00000000200147e2                __metal_driver_cpu_get_instruction_length
 .text.__metal_driver_cpu_get_exception_pc
                0x0000000020014810       0x1e /home/gra2p/Documents/uva_courses/rp1/src/bsp/sifive-hifive1-revb/install/lib/debug//libmetal.a(riscv_cpu.o)
                0x0000000020014810                __metal_driver_cpu_get_exception_pc
 .text.__metal_driver_cpu_set_exception_pc
                0x000000002001482e       0x20 /home/gra2p/Documents/uva_courses/rp1/src/bsp/sifive-hifive1-revb/install/lib/debug//libmetal.a(riscv_cpu.o)
                0x000000002001482e                __metal_driver_cpu_set_exception_pc
 .text.__metal_driver_cpu_get_buserror
                0x000000002001484e       0x20 /home/gra2p/Documents/uva_courses/rp1/src/bsp/sifive-hifive1-revb/install/lib/debug//libmetal.a(riscv_cpu.o)
                0x000000002001484e                __metal_driver_cpu_get_buserror
 .text.__metal_driver_sifive_plic0_control_base
                0x000000002001486e       0x2a /home/gra2p/Documents/uva_courses/rp1/src/bsp/sifive-hifive1-revb/install/lib/debug//libmetal.a(riscv_plic0.o)
 .text.__metal_driver_sifive_plic0_num_interrupts
                0x0000000020014898       0x2a /home/gra2p/Documents/uva_courses/rp1/src/bsp/sifive-hifive1-revb/install/lib/debug//libmetal.a(riscv_plic0.o)
 .text.__metal_driver_sifive_plic0_max_priority
                0x00000000200148c2       0x28 /home/gra2p/Documents/uva_courses/rp1/src/bsp/sifive-hifive1-revb/install/lib/debug//libmetal.a(riscv_plic0.o)
 .text.__metal_driver_sifive_plic0_interrupt_parents
                0x00000000200148ea       0x28 /home/gra2p/Documents/uva_courses/rp1/src/bsp/sifive-hifive1-revb/install/lib/debug//libmetal.a(riscv_plic0.o)
 .text.__metal_driver_sifive_plic0_interrupt_lines
                0x0000000020014912       0x22 /home/gra2p/Documents/uva_courses/rp1/src/bsp/sifive-hifive1-revb/install/lib/debug//libmetal.a(riscv_plic0.o)
 .text.__metal_driver_sifive_plic0_context_ids
                0x0000000020014934       0x1e /home/gra2p/Documents/uva_courses/rp1/src/bsp/sifive-hifive1-revb/install/lib/debug//libmetal.a(riscv_plic0.o)
 .text.__metal_plic0_claim_interrupt
                0x0000000020014952       0x3c /home/gra2p/Documents/uva_courses/rp1/src/bsp/sifive-hifive1-revb/install/lib/debug//libmetal.a(riscv_plic0.o)
                0x0000000020014952                __metal_plic0_claim_interrupt
 .text.__metal_plic0_complete_interrupt
                0x000000002001498e       0x46 /home/gra2p/Documents/uva_courses/rp1/src/bsp/sifive-hifive1-revb/install/lib/debug//libmetal.a(riscv_plic0.o)
                0x000000002001498e                __metal_plic0_complete_interrupt
 .text.__metal_plic0_set_threshold
                0x00000000200149d4       0x46 /home/gra2p/Documents/uva_courses/rp1/src/bsp/sifive-hifive1-revb/install/lib/debug//libmetal.a(riscv_plic0.o)
                0x00000000200149d4                __metal_plic0_set_threshold
 .text.__metal_plic0_get_threshold
                0x0000000020014a1a       0x3a /home/gra2p/Documents/uva_courses/rp1/src/bsp/sifive-hifive1-revb/install/lib/debug//libmetal.a(riscv_plic0.o)
                0x0000000020014a1a                __metal_plic0_get_threshold
 .text.__metal_driver_riscv_plic0_set_priority
                0x0000000020014a54       0x62 /home/gra2p/Documents/uva_courses/rp1/src/bsp/sifive-hifive1-revb/install/lib/debug//libmetal.a(riscv_plic0.o)
                0x0000000020014a54                __metal_driver_riscv_plic0_set_priority
 .text.__metal_driver_riscv_plic0_get_priority
                0x0000000020014ab6       0x34 /home/gra2p/Documents/uva_courses/rp1/src/bsp/sifive-hifive1-revb/install/lib/debug//libmetal.a(riscv_plic0.o)
                0x0000000020014ab6                __metal_driver_riscv_plic0_get_priority
 .text.__metal_plic0_enable
                0x0000000020014aea       0xa2 /home/gra2p/Documents/uva_courses/rp1/src/bsp/sifive-hifive1-revb/install/lib/debug//libmetal.a(riscv_plic0.o)
                0x0000000020014aea                __metal_plic0_enable
 .text.__metal_plic0_default_handler
                0x0000000020014b8c       0x18 /home/gra2p/Documents/uva_courses/rp1/src/bsp/sifive-hifive1-revb/install/lib/debug//libmetal.a(riscv_plic0.o)
                0x0000000020014b8c                __metal_plic0_default_handler
 .text.__metal_plic0_handler
                0x0000000020014ba4       0xa4 /home/gra2p/Documents/uva_courses/rp1/src/bsp/sifive-hifive1-revb/install/lib/debug//libmetal.a(riscv_plic0.o)
                0x0000000020014ba4                __metal_plic0_handler
 .text.__metal_driver_riscv_plic0_init
                0x0000000020014c48      0x158 /home/gra2p/Documents/uva_courses/rp1/src/bsp/sifive-hifive1-revb/install/lib/debug//libmetal.a(riscv_plic0.o)
                0x0000000020014c48                __metal_driver_riscv_plic0_init
 .text.__metal_driver_riscv_plic0_register
                0x0000000020014da0       0xc2 /home/gra2p/Documents/uva_courses/rp1/src/bsp/sifive-hifive1-revb/install/lib/debug//libmetal.a(riscv_plic0.o)
                0x0000000020014da0                __metal_driver_riscv_plic0_register
 .text.__metal_driver_riscv_plic0_enable
                0x0000000020014e62       0x50 /home/gra2p/Documents/uva_courses/rp1/src/bsp/sifive-hifive1-revb/install/lib/debug//libmetal.a(riscv_plic0.o)
                0x0000000020014e62                __metal_driver_riscv_plic0_enable
 .text.__metal_driver_riscv_plic0_disable
                0x0000000020014eb2       0x50 /home/gra2p/Documents/uva_courses/rp1/src/bsp/sifive-hifive1-revb/install/lib/debug//libmetal.a(riscv_plic0.o)
                0x0000000020014eb2                __metal_driver_riscv_plic0_disable
 .text.__metal_driver_riscv_plic0_set_threshold
                0x0000000020014f02       0x30 /home/gra2p/Documents/uva_courses/rp1/src/bsp/sifive-hifive1-revb/install/lib/debug//libmetal.a(riscv_plic0.o)
                0x0000000020014f02                __metal_driver_riscv_plic0_set_threshold
 .text.__metal_driver_riscv_plic0_get_threshold
                0x0000000020014f32       0x28 /home/gra2p/Documents/uva_courses/rp1/src/bsp/sifive-hifive1-revb/install/lib/debug//libmetal.a(riscv_plic0.o)
                0x0000000020014f32                __metal_driver_riscv_plic0_get_threshold
 .text.__metal_driver_riscv_plic0_affinity_enable
                0x0000000020014f5a       0x9c /home/gra2p/Documents/uva_courses/rp1/src/bsp/sifive-hifive1-revb/install/lib/debug//libmetal.a(riscv_plic0.o)
                0x0000000020014f5a                __metal_driver_riscv_plic0_affinity_enable
 .text.__metal_driver_riscv_plic0_affinity_disable
                0x0000000020014ff6       0x9c /home/gra2p/Documents/uva_courses/rp1/src/bsp/sifive-hifive1-revb/install/lib/debug//libmetal.a(riscv_plic0.o)
                0x0000000020014ff6                __metal_driver_riscv_plic0_affinity_disable
 .text.__metal_driver_riscv_plic0_affinity_set_threshold
                0x0000000020015092       0x74 /home/gra2p/Documents/uva_courses/rp1/src/bsp/sifive-hifive1-revb/install/lib/debug//libmetal.a(riscv_plic0.o)
                0x0000000020015092                __metal_driver_riscv_plic0_affinity_set_threshold
 .text.__metal_driver_riscv_plic0_affinity_get_threshold
                0x0000000020015106       0x28 /home/gra2p/Documents/uva_courses/rp1/src/bsp/sifive-hifive1-revb/install/lib/debug//libmetal.a(riscv_plic0.o)
                0x0000000020015106                __metal_driver_riscv_plic0_affinity_get_threshold
 .text.__metal_driver_sifive_fe310_g000_hfrosc_ref
                0x000000002001512e       0x1a /home/gra2p/Documents/uva_courses/rp1/src/bsp/sifive-hifive1-revb/install/lib/debug//libmetal.a(sifive_fe310-g000_hfrosc.o)
 .text.__metal_driver_sifive_fe310_g000_hfrosc_config_base
                0x0000000020015148       0x16 /home/gra2p/Documents/uva_courses/rp1/src/bsp/sifive-hifive1-revb/install/lib/debug//libmetal.a(sifive_fe310-g000_hfrosc.o)
 .text.__metal_driver_sifive_fe310_g000_hfrosc_config_offset
                0x000000002001515e       0x14 /home/gra2p/Documents/uva_courses/rp1/src/bsp/sifive-hifive1-revb/install/lib/debug//libmetal.a(sifive_fe310-g000_hfrosc.o)
 .text.__metal_driver_sifive_fe310_g000_prci_vtable
                0x0000000020015172       0x16 /home/gra2p/Documents/uva_courses/rp1/src/bsp/sifive-hifive1-revb/install/lib/debug//libmetal.a(sifive_fe310-g000_hfrosc.o)
 .text.__metal_driver_sifive_fe310_g000_hfrosc_get_rate_hz
                0x0000000020015188       0x84 /home/gra2p/Documents/uva_courses/rp1/src/bsp/sifive-hifive1-revb/install/lib/debug//libmetal.a(sifive_fe310-g000_hfrosc.o)
                0x0000000020015188                __metal_driver_sifive_fe310_g000_hfrosc_get_rate_hz
 .text.__metal_driver_sifive_fe310_g000_hfrosc_set_rate_hz
                0x000000002001520c       0x22 /home/gra2p/Documents/uva_courses/rp1/src/bsp/sifive-hifive1-revb/install/lib/debug//libmetal.a(sifive_fe310-g000_hfrosc.o)
                0x000000002001520c                __metal_driver_sifive_fe310_g000_hfrosc_set_rate_hz
 .text.__metal_driver_sifive_fe310_g000_hfxosc_ref
                0x000000002001522e       0x1a /home/gra2p/Documents/uva_courses/rp1/src/bsp/sifive-hifive1-revb/install/lib/debug//libmetal.a(sifive_fe310-g000_hfxosc.o)
 .text.__metal_driver_sifive_fe310_g000_hfxosc_config_base
                0x0000000020015248       0x16 /home/gra2p/Documents/uva_courses/rp1/src/bsp/sifive-hifive1-revb/install/lib/debug//libmetal.a(sifive_fe310-g000_hfxosc.o)
 .text.__metal_driver_sifive_fe310_g000_hfxosc_config_offset
                0x000000002001525e       0x14 /home/gra2p/Documents/uva_courses/rp1/src/bsp/sifive-hifive1-revb/install/lib/debug//libmetal.a(sifive_fe310-g000_hfxosc.o)
 .text.__metal_driver_sifive_fe310_g000_prci_vtable
                0x0000000020015272       0x16 /home/gra2p/Documents/uva_courses/rp1/src/bsp/sifive-hifive1-revb/install/lib/debug//libmetal.a(sifive_fe310-g000_hfxosc.o)
 .text.__metal_driver_sifive_fe310_g000_hfxosc_get_rate_hz
                0x0000000020015288       0x74 /home/gra2p/Documents/uva_courses/rp1/src/bsp/sifive-hifive1-revb/install/lib/debug//libmetal.a(sifive_fe310-g000_hfxosc.o)
                0x0000000020015288                __metal_driver_sifive_fe310_g000_hfxosc_get_rate_hz
 .text.__metal_driver_sifive_fe310_g000_hfxosc_set_rate_hz
                0x00000000200152fc       0x22 /home/gra2p/Documents/uva_courses/rp1/src/bsp/sifive-hifive1-revb/install/lib/debug//libmetal.a(sifive_fe310-g000_hfxosc.o)
                0x00000000200152fc                __metal_driver_sifive_fe310_g000_hfxosc_set_rate_hz
 .text.__metal_driver_sifive_fe310_g000_pll_pllsel0
                0x000000002001531e       0x1a /home/gra2p/Documents/uva_courses/rp1/src/bsp/sifive-hifive1-revb/install/lib/debug//libmetal.a(sifive_fe310-g000_pll.o)
 .text.__metal_driver_sifive_fe310_g000_pll_pllref
                0x0000000020015338       0x1a /home/gra2p/Documents/uva_courses/rp1/src/bsp/sifive-hifive1-revb/install/lib/debug//libmetal.a(sifive_fe310-g000_pll.o)
 .text.__metal_driver_sifive_fe310_g000_pll_divider_base
                0x0000000020015352       0x16 /home/gra2p/Documents/uva_courses/rp1/src/bsp/sifive-hifive1-revb/install/lib/debug//libmetal.a(sifive_fe310-g000_pll.o)
 .text.__metal_driver_sifive_fe310_g000_pll_divider_offset
                0x0000000020015368       0x14 /home/gra2p/Documents/uva_courses/rp1/src/bsp/sifive-hifive1-revb/install/lib/debug//libmetal.a(sifive_fe310-g000_pll.o)
 .text.__metal_driver_sifive_fe310_g000_pll_config_base
                0x000000002001537c       0x12 /home/gra2p/Documents/uva_courses/rp1/src/bsp/sifive-hifive1-revb/install/lib/debug//libmetal.a(sifive_fe310-g000_pll.o)
 .text.__metal_driver_sifive_fe310_g000_pll_config_offset
                0x000000002001538e       0x10 /home/gra2p/Documents/uva_courses/rp1/src/bsp/sifive-hifive1-revb/install/lib/debug//libmetal.a(sifive_fe310-g000_pll.o)
 .text.__metal_driver_sifive_fe310_g000_pll_init_rate
                0x000000002001539e       0x16 /home/gra2p/Documents/uva_courses/rp1/src/bsp/sifive-hifive1-revb/install/lib/debug//libmetal.a(sifive_fe310-g000_pll.o)
 .text.__metal_driver_sifive_fe310_g000_prci_base
                0x00000000200153b4       0x12 /home/gra2p/Documents/uva_courses/rp1/src/bsp/sifive-hifive1-revb/install/lib/debug//libmetal.a(sifive_fe310-g000_pll.o)
 .text.__metal_driver_sifive_fe310_g000_prci_vtable
                0x00000000200153c6       0x16 /home/gra2p/Documents/uva_courses/rp1/src/bsp/sifive-hifive1-revb/install/lib/debug//libmetal.a(sifive_fe310-g000_pll.o)
 .text.get_pll_config_freq
                0x00000000200153dc       0x4e /home/gra2p/Documents/uva_courses/rp1/src/bsp/sifive-hifive1-revb/install/lib/debug//libmetal.a(sifive_fe310-g000_pll.o)
 .text.__metal_driver_sifive_fe310_g000_pll_init
                0x000000002001542a       0xa4 /home/gra2p/Documents/uva_courses/rp1/src/bsp/sifive-hifive1-revb/install/lib/debug//libmetal.a(sifive_fe310-g000_pll.o)
                0x000000002001542a                __metal_driver_sifive_fe310_g000_pll_init
 .text.__metal_driver_sifive_fe310_g000_pll_get_rate_hz
                0x00000000200154ce      0x170 /home/gra2p/Documents/uva_courses/rp1/src/bsp/sifive-hifive1-revb/install/lib/debug//libmetal.a(sifive_fe310-g000_pll.o)
                0x00000000200154ce                __metal_driver_sifive_fe310_g000_pll_get_rate_hz
 .text.find_closest_config
                0x000000002001563e       0xac /home/gra2p/Documents/uva_courses/rp1/src/bsp/sifive-hifive1-revb/install/lib/debug//libmetal.a(sifive_fe310-g000_pll.o)
 .text.configure_pll
                0x00000000200156ea      0x1b0 /home/gra2p/Documents/uva_courses/rp1/src/bsp/sifive-hifive1-revb/install/lib/debug//libmetal.a(sifive_fe310-g000_pll.o)
 .text.__metal_driver_sifive_fe310_g000_pll_set_rate_hz
                0x000000002001589a      0x166 /home/gra2p/Documents/uva_courses/rp1/src/bsp/sifive-hifive1-revb/install/lib/debug//libmetal.a(sifive_fe310-g000_pll.o)
                0x000000002001589a                __metal_driver_sifive_fe310_g000_pll_set_rate_hz
 .text.__metal_driver_sifive_fe310_g000_prci_base
                0x0000000020015a00       0x12 /home/gra2p/Documents/uva_courses/rp1/src/bsp/sifive-hifive1-revb/install/lib/debug//libmetal.a(sifive_fe310-g000_prci.o)
 .text.__metal_driver_sifive_fe310_g000_prci_get_reg
                0x0000000020015a12       0x2e /home/gra2p/Documents/uva_courses/rp1/src/bsp/sifive-hifive1-revb/install/lib/debug//libmetal.a(sifive_fe310-g000_prci.o)
                0x0000000020015a12                __metal_driver_sifive_fe310_g000_prci_get_reg
 .text.__metal_driver_sifive_fe310_g000_prci_set_reg
                0x0000000020015a40       0x38 /home/gra2p/Documents/uva_courses/rp1/src/bsp/sifive-hifive1-revb/install/lib/debug//libmetal.a(sifive_fe310-g000_prci.o)
                0x0000000020015a40                __metal_driver_sifive_fe310_g000_prci_set_reg
 .text.__metal_driver_sifive_gpio0_base
                0x0000000020015a78       0x26 /home/gra2p/Documents/uva_courses/rp1/src/bsp/sifive-hifive1-revb/install/lib/debug//libmetal.a(sifive_gpio0.o)
 .text.__metal_driver_sifive_gpio0_interrupt_parent
                0x0000000020015a9e       0x2a /home/gra2p/Documents/uva_courses/rp1/src/bsp/sifive-hifive1-revb/install/lib/debug//libmetal.a(sifive_gpio0.o)
 .text.__metal_driver_sifive_gpio0_interrupt_lines
                0x0000000020015ac8      0x35e /home/gra2p/Documents/uva_courses/rp1/src/bsp/sifive-hifive1-revb/install/lib/debug//libmetal.a(sifive_gpio0.o)
 .text.__metal_driver_sifive_gpio0_enable_input
                0x0000000020015e26       0x40 /home/gra2p/Documents/uva_courses/rp1/src/bsp/sifive-hifive1-revb/install/lib/debug//libmetal.a(sifive_gpio0.o)
                0x0000000020015e26                __metal_driver_sifive_gpio0_enable_input
 .text.__metal_driver_sifive_gpio0_disable_input
                0x0000000020015e66       0x46 /home/gra2p/Documents/uva_courses/rp1/src/bsp/sifive-hifive1-revb/install/lib/debug//libmetal.a(sifive_gpio0.o)
                0x0000000020015e66                __metal_driver_sifive_gpio0_disable_input
 .text.__metal_driver_sifive_gpio0_input
                0x0000000020015eac       0x2a /home/gra2p/Documents/uva_courses/rp1/src/bsp/sifive-hifive1-revb/install/lib/debug//libmetal.a(sifive_gpio0.o)
                0x0000000020015eac                __metal_driver_sifive_gpio0_input
 .text.__metal_driver_sifive_gpio0_output
                0x0000000020015ed6       0x2c /home/gra2p/Documents/uva_courses/rp1/src/bsp/sifive-hifive1-revb/install/lib/debug//libmetal.a(sifive_gpio0.o)
                0x0000000020015ed6                __metal_driver_sifive_gpio0_output
 .text.__metal_driver_sifive_gpio0_disable_output
                0x0000000020015f02       0x46 /home/gra2p/Documents/uva_courses/rp1/src/bsp/sifive-hifive1-revb/install/lib/debug//libmetal.a(sifive_gpio0.o)
                0x0000000020015f02                __metal_driver_sifive_gpio0_disable_output
 .text.__metal_driver_sifive_gpio0_enable_output
                0x0000000020015f48       0x40 /home/gra2p/Documents/uva_courses/rp1/src/bsp/sifive-hifive1-revb/install/lib/debug//libmetal.a(sifive_gpio0.o)
                0x0000000020015f48                __metal_driver_sifive_gpio0_enable_output
 .text.__metal_driver_sifive_gpio0_output_set
                0x0000000020015f88       0x40 /home/gra2p/Documents/uva_courses/rp1/src/bsp/sifive-hifive1-revb/install/lib/debug//libmetal.a(sifive_gpio0.o)
                0x0000000020015f88                __metal_driver_sifive_gpio0_output_set
 .text.__metal_driver_sifive_gpio0_output_clear
                0x0000000020015fc8       0x46 /home/gra2p/Documents/uva_courses/rp1/src/bsp/sifive-hifive1-revb/install/lib/debug//libmetal.a(sifive_gpio0.o)
                0x0000000020015fc8                __metal_driver_sifive_gpio0_output_clear
 .text.__metal_driver_sifive_gpio0_output_toggle
                0x000000002001600e       0x40 /home/gra2p/Documents/uva_courses/rp1/src/bsp/sifive-hifive1-revb/install/lib/debug//libmetal.a(sifive_gpio0.o)
                0x000000002001600e                __metal_driver_sifive_gpio0_output_toggle
 .text.__metal_driver_sifive_gpio0_enable_io
                0x000000002001604e       0x62 /home/gra2p/Documents/uva_courses/rp1/src/bsp/sifive-hifive1-revb/install/lib/debug//libmetal.a(sifive_gpio0.o)
                0x000000002001604e                __metal_driver_sifive_gpio0_enable_io
 .text.__metal_driver_sifive_gpio0_disable_io
                0x00000000200160b0       0x4a /home/gra2p/Documents/uva_courses/rp1/src/bsp/sifive-hifive1-revb/install/lib/debug//libmetal.a(sifive_gpio0.o)
                0x00000000200160b0                __metal_driver_sifive_gpio0_disable_io
 .text.__metal_driver_sifive_gpio0_config_int
                0x00000000200160fa      0x206 /home/gra2p/Documents/uva_courses/rp1/src/bsp/sifive-hifive1-revb/install/lib/debug//libmetal.a(sifive_gpio0.o)
                0x00000000200160fa                __metal_driver_sifive_gpio0_config_int
 .text.__metal_driver_sifive_gpio0_clear_int
                0x0000000020016300      0x188 /home/gra2p/Documents/uva_courses/rp1/src/bsp/sifive-hifive1-revb/install/lib/debug//libmetal.a(sifive_gpio0.o)
                0x0000000020016300                __metal_driver_sifive_gpio0_clear_int
 .text.__metal_driver_gpio_interrupt_controller
                0x0000000020016488       0x20 /home/gra2p/Documents/uva_courses/rp1/src/bsp/sifive-hifive1-revb/install/lib/debug//libmetal.a(sifive_gpio0.o)
                0x0000000020016488                __metal_driver_gpio_interrupt_controller
 .text.__metal_driver_gpio_get_interrupt_id
                0x00000000200164a8       0x2e /home/gra2p/Documents/uva_courses/rp1/src/bsp/sifive-hifive1-revb/install/lib/debug//libmetal.a(sifive_gpio0.o)
                0x00000000200164a8                __metal_driver_gpio_get_interrupt_id
 .text.__metal_driver_sifive_uart0_control_base
                0x00000000200164d6       0x40 /home/gra2p/Documents/uva_courses/rp1/src/bsp/sifive-hifive1-revb/install/lib/debug//libmetal.a(sifive_uart0.o)
 .text.__metal_driver_sifive_uart0_interrupt_parent
                0x0000000020016516       0x48 /home/gra2p/Documents/uva_courses/rp1/src/bsp/sifive-hifive1-revb/install/lib/debug//libmetal.a(sifive_uart0.o)
 .text.__metal_driver_sifive_uart0_interrupt_line
                0x000000002001655e       0x3c /home/gra2p/Documents/uva_courses/rp1/src/bsp/sifive-hifive1-revb/install/lib/debug//libmetal.a(sifive_uart0.o)
 .text.__metal_driver_sifive_uart0_clock
                0x000000002001659a       0x48 /home/gra2p/Documents/uva_courses/rp1/src/bsp/sifive-hifive1-revb/install/lib/debug//libmetal.a(sifive_uart0.o)
 .text.__metal_driver_sifive_uart0_pinmux
                0x00000000200165e2       0x40 /home/gra2p/Documents/uva_courses/rp1/src/bsp/sifive-hifive1-revb/install/lib/debug//libmetal.a(sifive_uart0.o)
 .text.__metal_driver_sifive_uart0_pinmux_output_selector
                0x0000000020016622       0x3c /home/gra2p/Documents/uva_courses/rp1/src/bsp/sifive-hifive1-revb/install/lib/debug//libmetal.a(sifive_uart0.o)
 .text.__metal_driver_sifive_uart0_pinmux_source_selector
                0x000000002001665e       0x40 /home/gra2p/Documents/uva_courses/rp1/src/bsp/sifive-hifive1-revb/install/lib/debug//libmetal.a(sifive_uart0.o)
 .text.__metal_driver_sifive_uart0_interrupt_controller
                0x000000002001669e       0x20 /home/gra2p/Documents/uva_courses/rp1/src/bsp/sifive-hifive1-revb/install/lib/debug//libmetal.a(sifive_uart0.o)
                0x000000002001669e                __metal_driver_sifive_uart0_interrupt_controller
 .text.__metal_driver_sifive_uart0_get_interrupt_id
                0x00000000200166be       0x20 /home/gra2p/Documents/uva_courses/rp1/src/bsp/sifive-hifive1-revb/install/lib/debug//libmetal.a(sifive_uart0.o)
                0x00000000200166be                __metal_driver_sifive_uart0_get_interrupt_id
 .text.__metal_driver_sifive_uart0_tx_interrupt_enable
                0x00000000200166de       0x3a /home/gra2p/Documents/uva_courses/rp1/src/bsp/sifive-hifive1-revb/install/lib/debug//libmetal.a(sifive_uart0.o)
                0x00000000200166de                __metal_driver_sifive_uart0_tx_interrupt_enable
 .text.__metal_driver_sifive_uart0_tx_interrupt_disable
                0x0000000020016718       0x38 /home/gra2p/Documents/uva_courses/rp1/src/bsp/sifive-hifive1-revb/install/lib/debug//libmetal.a(sifive_uart0.o)
                0x0000000020016718                __metal_driver_sifive_uart0_tx_interrupt_disable
 .text.__metal_driver_sifive_uart0_rx_interrupt_enable
                0x0000000020016750       0x3a /home/gra2p/Documents/uva_courses/rp1/src/bsp/sifive-hifive1-revb/install/lib/debug//libmetal.a(sifive_uart0.o)
                0x0000000020016750                __metal_driver_sifive_uart0_rx_interrupt_enable
 .text.__metal_driver_sifive_uart0_rx_interrupt_disable
                0x000000002001678a       0x38 /home/gra2p/Documents/uva_courses/rp1/src/bsp/sifive-hifive1-revb/install/lib/debug//libmetal.a(sifive_uart0.o)
                0x000000002001678a                __metal_driver_sifive_uart0_rx_interrupt_disable
 .text.__metal_driver_sifive_uart0_txready
                0x00000000200167c2       0x30 /home/gra2p/Documents/uva_courses/rp1/src/bsp/sifive-hifive1-revb/install/lib/debug//libmetal.a(sifive_uart0.o)
                0x00000000200167c2                __metal_driver_sifive_uart0_txready
 .text.__metal_driver_sifive_uart0_set_tx_watermark
                0x00000000200167f2       0x4a /home/gra2p/Documents/uva_courses/rp1/src/bsp/sifive-hifive1-revb/install/lib/debug//libmetal.a(sifive_uart0.o)
                0x00000000200167f2                __metal_driver_sifive_uart0_set_tx_watermark
 .text.__metal_driver_sifive_uart0_get_tx_watermark
                0x000000002001683c       0x30 /home/gra2p/Documents/uva_courses/rp1/src/bsp/sifive-hifive1-revb/install/lib/debug//libmetal.a(sifive_uart0.o)
                0x000000002001683c                __metal_driver_sifive_uart0_get_tx_watermark
 .text.__metal_driver_sifive_uart0_set_rx_watermark
                0x000000002001686c       0x4a /home/gra2p/Documents/uva_courses/rp1/src/bsp/sifive-hifive1-revb/install/lib/debug//libmetal.a(sifive_uart0.o)
                0x000000002001686c                __metal_driver_sifive_uart0_set_rx_watermark
 .text.__metal_driver_sifive_uart0_get_rx_watermark
                0x00000000200168b6       0x30 /home/gra2p/Documents/uva_courses/rp1/src/bsp/sifive-hifive1-revb/install/lib/debug//libmetal.a(sifive_uart0.o)
                0x00000000200168b6                __metal_driver_sifive_uart0_get_rx_watermark
 .text.__metal_driver_sifive_uart0_putc
                0x00000000200168e6       0x42 /home/gra2p/Documents/uva_courses/rp1/src/bsp/sifive-hifive1-revb/install/lib/debug//libmetal.a(sifive_uart0.o)
                0x00000000200168e6                __metal_driver_sifive_uart0_putc
 .text.__metal_driver_sifive_uart0_getc
                0x0000000020016928       0x56 /home/gra2p/Documents/uva_courses/rp1/src/bsp/sifive-hifive1-revb/install/lib/debug//libmetal.a(sifive_uart0.o)
                0x0000000020016928                __metal_driver_sifive_uart0_getc
 .text.__metal_driver_sifive_uart0_get_baud_rate
                0x000000002001697e       0x20 /home/gra2p/Documents/uva_courses/rp1/src/bsp/sifive-hifive1-revb/install/lib/debug//libmetal.a(sifive_uart0.o)
                0x000000002001697e                __metal_driver_sifive_uart0_get_baud_rate
 .text.__metal_driver_sifive_uart0_set_baud_rate
                0x000000002001699e       0xa0 /home/gra2p/Documents/uva_courses/rp1/src/bsp/sifive-hifive1-revb/install/lib/debug//libmetal.a(sifive_uart0.o)
                0x000000002001699e                __metal_driver_sifive_uart0_set_baud_rate
 .text.pre_rate_change_callback_func
                0x0000000020016a3e       0xda /home/gra2p/Documents/uva_courses/rp1/src/bsp/sifive-hifive1-revb/install/lib/debug//libmetal.a(sifive_uart0.o)
 .text.post_rate_change_callback_func
                0x0000000020016b18       0x30 /home/gra2p/Documents/uva_courses/rp1/src/bsp/sifive-hifive1-revb/install/lib/debug//libmetal.a(sifive_uart0.o)
 .text.__metal_driver_sifive_uart0_init
                0x0000000020016b48       0xd2 /home/gra2p/Documents/uva_courses/rp1/src/bsp/sifive-hifive1-revb/install/lib/debug//libmetal.a(sifive_uart0.o)
                0x0000000020016b48                __metal_driver_sifive_uart0_init
 .text._metal_clock_call_all_callbacks
                0x0000000020016c1a       0x42 /home/gra2p/Documents/uva_courses/rp1/src/bsp/sifive-hifive1-revb/install/lib/debug//libmetal.a(clock.o)
                0x0000000020016c1a                _metal_clock_call_all_callbacks
 .text._metal_clock_append_to_callbacks
                0x0000000020016c5c       0x54 /home/gra2p/Documents/uva_courses/rp1/src/bsp/sifive-hifive1-revb/install/lib/debug//libmetal.a(clock.o)
                0x0000000020016c5c                _metal_clock_append_to_callbacks
 .text.metal_clock_get_rate_hz
                0x0000000020016cb0       0x26 /home/gra2p/Documents/uva_courses/rp1/src/bsp/sifive-hifive1-revb/install/lib/debug//libmetal.a(clock.o)
                0x0000000020016cb0                metal_clock_get_rate_hz
 .text.metal_clock_set_rate_hz
                0x0000000020016cd6       0x4c /home/gra2p/Documents/uva_courses/rp1/src/bsp/sifive-hifive1-revb/install/lib/debug//libmetal.a(clock.o)
                0x0000000020016cd6                metal_clock_set_rate_hz
 .text.metal_clock_register_pre_rate_change_callback
                0x0000000020016d22       0x32 /home/gra2p/Documents/uva_courses/rp1/src/bsp/sifive-hifive1-revb/install/lib/debug//libmetal.a(clock.o)
                0x0000000020016d22                metal_clock_register_pre_rate_change_callback
 .text.metal_clock_register_post_rate_change_callback
                0x0000000020016d54       0x32 /home/gra2p/Documents/uva_courses/rp1/src/bsp/sifive-hifive1-revb/install/lib/debug//libmetal.a(clock.o)
                0x0000000020016d54                metal_clock_register_post_rate_change_callback
 .text.metal_cpu_interrupt_controller
                0x0000000020016d86       0x26 /home/gra2p/Documents/uva_courses/rp1/src/bsp/sifive-hifive1-revb/install/lib/debug//libmetal.a(cpu.o)
                0x0000000020016d86                metal_cpu_interrupt_controller
 .text.metal_cpu_get
                0x0000000020016dac       0x2e /home/gra2p/Documents/uva_courses/rp1/src/bsp/sifive-hifive1-revb/install/lib/debug//libmetal.a(cpu.o)
                0x0000000020016dac                metal_cpu_get
 .text.metal_cpu_get_current_hartid
                0x0000000020016dda       0x1a /home/gra2p/Documents/uva_courses/rp1/src/bsp/sifive-hifive1-revb/install/lib/debug//libmetal.a(cpu.o)
                0x0000000020016dda                metal_cpu_get_current_hartid
 .text.metal_shutdown
                0x0000000020016df4        0xe /home/gra2p/Documents/uva_courses/rp1/src/bsp/sifive-hifive1-revb/install/lib/debug//libmetal.a(shutdown.o)
                0x0000000020016df4                metal_shutdown
 *fill*         0x0000000020016e02       0x7e 
 .text          0x0000000020016e80       0x80 /home/gra2p/Documents/uva_courses/rp1/src/bsp/sifive-hifive1-revb/install/lib/debug//libmetal.a(vector.o)
                0x0000000020016e80                __metal_vector_table
 .text.__metal_driver_fixed_clock_rate
                0x0000000020016f00       0x70 /home/gra2p/Documents/uva_courses/rp1/src/bsp/sifive-hifive1-revb/install/lib/debug//libmetal.a(fixed-clock.o)
 .text.__metal_driver_fixed_clock_get_rate_hz
                0x0000000020016f70       0x1e /home/gra2p/Documents/uva_courses/rp1/src/bsp/sifive-hifive1-revb/install/lib/debug//libmetal.a(fixed-clock.o)
                0x0000000020016f70                __metal_driver_fixed_clock_get_rate_hz
 .text.__metal_driver_fixed_clock_set_rate_hz
                0x0000000020016f8e       0x22 /home/gra2p/Documents/uva_courses/rp1/src/bsp/sifive-hifive1-revb/install/lib/debug//libmetal.a(fixed-clock.o)
                0x0000000020016f8e                __metal_driver_fixed_clock_set_rate_hz
 .text._exit    0x0000000020016fb0       0x14 /home/gra2p/Documents/uva_courses/rp1/src/bsp/sifive-hifive1-revb/install/lib/debug//libmetal-gloss.a(sys_exit.o)
                0x0000000020016fb0                _exit
 *(.gnu.linkonce.t.*)

.rela.dyn       0x0000000020016fc4        0x0
 .rela.text._vfprintf_r
                0x0000000020016fc4        0x0 main.o
 .rela.text.metal.init.enter
                0x0000000020016fc4        0x0 main.o
 .rela.text.metal.init.scrub
                0x0000000020016fc4        0x0 main.o
 .rela.text.libgloss.start
                0x0000000020016fc4        0x0 main.o
 .rela.sdata.__brk
                0x0000000020016fc4        0x0 main.o
 .rela.text._sbrk
                0x0000000020016fc4        0x0 main.o
 .rela.text.__libc_fini_array
                0x0000000020016fc4        0x0 main.o
 .rela.text.__libc_init_array
                0x0000000020016fc4        0x0 main.o
 .rela.text.__register_exitproc
                0x0000000020016fc4        0x0 main.o
 .rela.text.metal_init
                0x0000000020016fc4        0x0 main.o
 .rela.text.metal_fini
                0x0000000020016fc4        0x0 main.o
 .rela.text.__metal_driver_cpu_get
                0x0000000020016fc4        0x0 main.o
 .rela.text.metal_software_interrupt_vector_handler
                0x0000000020016fc4        0x0 main.o
 .rela.text.__metal_default_sw_handler
                0x0000000020016fc4        0x0 main.o
 .rela.text.metal_timer_interrupt_vector_handler
                0x0000000020016fc4        0x0 main.o
 .rela.text.__metal_exception_handler
                0x0000000020016fc4        0x0 main.o
 .rela.text.metal_lc0_interrupt_vector_handler
                0x0000000020016fc4        0x0 main.o
 .rela.text.metal_lc1_interrupt_vector_handler
                0x0000000020016fc4        0x0 main.o
 .rela.text.metal_lc2_interrupt_vector_handler
                0x0000000020016fc4        0x0 main.o
 .rela.text.metal_lc3_interrupt_vector_handler
                0x0000000020016fc4        0x0 main.o
 .rela.text.metal_lc4_interrupt_vector_handler
                0x0000000020016fc4        0x0 main.o
 .rela.text.metal_lc5_interrupt_vector_handler
                0x0000000020016fc4        0x0 main.o
 .rela.text.metal_lc6_interrupt_vector_handler
                0x0000000020016fc4        0x0 main.o
 .rela.text.metal_lc7_interrupt_vector_handler
                0x0000000020016fc4        0x0 main.o
 .rela.text.metal_lc8_interrupt_vector_handler
                0x0000000020016fc4        0x0 main.o
 .rela.text.metal_lc9_interrupt_vector_handler
                0x0000000020016fc4        0x0 main.o
 .rela.text.metal_lc10_interrupt_vector_handler
                0x0000000020016fc4        0x0 main.o
 .rela.text.metal_lc11_interrupt_vector_handler
                0x0000000020016fc4        0x0 main.o
 .rela.text.metal_lc12_interrupt_vector_handler
                0x0000000020016fc4        0x0 main.o
 .rela.text.metal_lc13_interrupt_vector_handler
                0x0000000020016fc4        0x0 main.o
 .rela.text.metal_lc14_interrupt_vector_handler
                0x0000000020016fc4        0x0 main.o
 .rela.text.metal_lc15_interrupt_vector_handler
                0x0000000020016fc4        0x0 main.o
 .rela.text.metal_cpu_get
                0x0000000020016fc4        0x0 main.o
 .rela.text     0x0000000020016fc4        0x0 main.o

.data           0x0000000080000000      0xac4 load address 0x0000000020016fc8
 *(.data .data.*)
 .data.impure_data
                0x0000000080000000       0x60 /home/gra2p/Documents/uva_courses/rp1/tools/riscv64-unknown-elf-toolchain-10.2.0-2020.12.8-x86_64-linux-ubuntu14/bin/../lib/gcc/riscv64-unknown-elf/10.2.0/../../../../riscv64-unknown-elf/lib/rv32imac/ilp32/libc_nano.a(lib_a-impure.o)
 .data.__metal_dt_clock_0
                0x0000000080000060        0xc /home/gra2p/Documents/uva_courses/rp1/src/bsp/sifive-hifive1-revb/install/lib/debug//libmetal.a(inline.o)
                0x0000000080000060                __metal_dt_clock_0
 .data.__metal_dt_clock_2
                0x000000008000006c        0xc /home/gra2p/Documents/uva_courses/rp1/src/bsp/sifive-hifive1-revb/install/lib/debug//libmetal.a(inline.o)
                0x000000008000006c                __metal_dt_clock_2
 .data.__metal_dt_clock_5
                0x0000000080000078        0xc /home/gra2p/Documents/uva_courses/rp1/src/bsp/sifive-hifive1-revb/install/lib/debug//libmetal.a(inline.o)
                0x0000000080000078                __metal_dt_clock_5
 .data.__metal_dt_clock_6
                0x0000000080000084        0xc /home/gra2p/Documents/uva_courses/rp1/src/bsp/sifive-hifive1-revb/install/lib/debug//libmetal.a(inline.o)
                0x0000000080000084                __metal_dt_clock_6
 .data.__metal_dt_cpu_0_interrupt_controller
                0x0000000080000090      0x3d0 /home/gra2p/Documents/uva_courses/rp1/src/bsp/sifive-hifive1-revb/install/lib/debug//libmetal.a(inline.o)
                0x0000000080000090                __metal_dt_cpu_0_interrupt_controller
 .data.__metal_dt_interrupt_controller_c000000
                0x0000000080000460      0x5d8 /home/gra2p/Documents/uva_courses/rp1/src/bsp/sifive-hifive1-revb/install/lib/debug//libmetal.a(inline.o)
                0x0000000080000460                __metal_dt_interrupt_controller_c000000
 .data.__metal_dt_serial_10013000
                0x0000000080000a38       0x20 /home/gra2p/Documents/uva_courses/rp1/src/bsp/sifive-hifive1-revb/install/lib/debug//libmetal.a(inline.o)
                0x0000000080000a38                __metal_dt_serial_10013000
 .data.__metal_dt_serial_10023000
                0x0000000080000a58       0x20 /home/gra2p/Documents/uva_courses/rp1/src/bsp/sifive-hifive1-revb/install/lib/debug//libmetal.a(inline.o)
                0x0000000080000a58                __metal_dt_serial_10023000
 .data.__metal_dt_clock_3
                0x0000000080000a78        0xc /home/gra2p/Documents/uva_courses/rp1/src/bsp/sifive-hifive1-revb/install/lib/debug//libmetal.a(inline.o)
                0x0000000080000a78                __metal_dt_clock_3
 .data.__metal_dt_clock_1
                0x0000000080000a84        0xc /home/gra2p/Documents/uva_courses/rp1/src/bsp/sifive-hifive1-revb/install/lib/debug//libmetal.a(inline.o)
                0x0000000080000a84                __metal_dt_clock_1
 .data.__metal_dt_clock_4
                0x0000000080000a90        0xc /home/gra2p/Documents/uva_courses/rp1/src/bsp/sifive-hifive1-revb/install/lib/debug//libmetal.a(inline.o)
                0x0000000080000a90                __metal_dt_clock_4
 *(.gnu.linkonce.d.*)
                0x0000000080000aa0                . = ALIGN (0x8)
 *fill*         0x0000000080000a9c        0x4 
                0x00000000800012a0                PROVIDE (__global_pointer$ = (. + 0x800))
 *(.sdata .sdata.* .sdata2.*)
 .sdata._impure_ptr
                0x0000000080000aa0        0x4 /home/gra2p/Documents/uva_courses/rp1/tools/riscv64-unknown-elf-toolchain-10.2.0-2020.12.8-x86_64-linux-ubuntu14/bin/../lib/gcc/riscv64-unknown-elf/10.2.0/../../../../riscv64-unknown-elf/lib/rv32imac/ilp32/libc_nano.a(lib_a-impure.o)
                0x0000000080000aa0                _impure_ptr
 .sdata.__brk   0x0000000080000aa4        0x4 /home/gra2p/Documents/uva_courses/rp1/src/bsp/sifive-hifive1-revb/install/lib/debug//libmetal-gloss.a(sys_sbrk.o)
 .sdata.__metal_cpu_table
                0x0000000080000aa8        0x4 /home/gra2p/Documents/uva_courses/rp1/src/bsp/sifive-hifive1-revb/install/lib/debug//libmetal.a(synchronize_harts.o)
                0x0000000080000aa8                __metal_cpu_table
 .sdata.__metal_dt_clint_2000000